******************************************************************************
             TMS320C2000 Linker PC v15.12.1                    
******************************************************************************
>> Linked Tue Jul 04 10:45:52 2017

OUTPUT FILE NAME:   <IDDK_PM_Servo_F2837x-v2.out>
ENTRY POINT SYMBOL: "code_start"  address: 00080000


MEMORY CONFIGURATION

         name            origin    length      used     unused   attr    fill
----------------------  --------  ---------  --------  --------  ----  --------
PAGE 0:
  RAMLS0LS1             00008000   00001000  00000309  00000cf7  RWIX
  RAMLS2                00009000   00000800  00000000  00000800  RWIX
  BEGIN                 00080000   00000002  00000002  00000000  RWIX
  FLASHN                00080002   00001ffd  00000352  00001cab  RWIX
  FLASHML               00082000   00004000  00002676  0000198a  RWIX
  FLASHK                00086000   00002000  00000000  00002000  RWIX
  FLASHJ                00088000   00008000  00000000  00008000  RWIX
  FLASHI                00090000   00008000  00000000  00008000  RWIX
  FLASHH                00098000   00008000  00000000  00008000  RWIX
  FLASHG                000a0000   00008000  00000000  00008000  RWIX
  FLASHF                000a8000   00008000  00000000  00008000  RWIX
  FLASHE                000b0000   00008000  00000000  00008000  RWIX
  FLASHD                000b8000   00002000  00000000  00002000  RWIX
  FLASHC                000ba000   00002000  00000000  00002000  RWIX
  FLASHB                000bc000   00002000  00000000  00002000  RWIX
  FLASHN1               000c0000   00002000  00000000  00002000  RWIX
  FLASHM1               000c2000   00002000  00000000  00002000  RWIX
  FLASHL1               000c4000   00002000  00000000  00002000  RWIX
  FLASHK1               000c6000   00002000  00000000  00002000  RWIX
  FLASHJ1               000c8000   00008000  00000000  00008000  RWIX
  FLASHI1               000d0000   00008000  00000000  00008000  RWIX
  FLASHH1               000d8000   00008000  00000000  00008000  RWIX
  FLASHG1               000e0000   00008000  00000000  00008000  RWIX
  FLASHF1               000e8000   00008000  00000000  00008000  RWIX
  FLASHE1               000f0000   00008000  00000000  00008000  RWIX
  FLASHD1               000f8000   00002000  00000000  00002000  RWIX
  FLASHC1               000fa000   00002000  00000000  00002000  RWIX
  FLASHB1               000fc000   00002000  00000000  00002000  RWIX
  FLASHA1               000fe000   00002000  00000000  00002000  RWIX
  IQTABLES              003fe000   00000b50  00000000  00000b50  RWIX
  IQTABLES2             003feb50   0000008c  00000000  0000008c  RWIX
  IQTABLES3             003febdc   000000aa  00000000  000000aa  RWIX
  BOOTROM               003ff27c   00000d44  00000000  00000d44  RWIX
  RESET                 003fffc0   00000002  00000000  00000002  RWIX

PAGE 1:
  RAMM0                 00000004   00000250  00000000  00000250  RWIX
  RAMM1                 00000400   00000250  00000000  00000250  RWIX
  ADCA_RESULT           00000b00   00000020  00000018  00000008  RWIX
  ADCB_RESULT           00000b20   00000020  00000018  00000008  RWIX
  ADCC_RESULT           00000b40   00000020  00000018  00000008  RWIX
  ADCD_RESULT           00000b60   00000020  00000018  00000008  RWIX
  CPU_TIMER0            00000c00   00000008  00000008  00000000  RWIX
  CPU_TIMER1            00000c08   00000008  00000008  00000000  RWIX
  CPU_TIMER2            00000c10   00000008  00000008  00000000  RWIX
  PIE_CTRL              00000ce0   00000020  0000001a  00000006  RWIX
  PIE_VECT              00000d00   00000200  000001c0  00000040  RWIX
  DMA                   00001000   00000200  000000e0  00000120  RWIX
  CLA1                  00001400   00000040  0000003e  00000002  RWIX
  CLB1_LOGICCFG         00003000   00000040  00000040  00000000  RWIX
  CLB1_LOGICCTL         00003100   00000040  00000040  00000000  RWIX
  CLB1_DATAXCHG         00003200   00000200  00000200  00000000  RWIX
  CLB2_LOGICCFG         00003400   00000040  00000040  00000000  RWIX
  CLB2_LOGICCTL         00003500   00000040  00000040  00000000  RWIX
  CLB2_DATAXCHG         00003600   00000200  00000200  00000000  RWIX
  CLB3_LOGICCFG         00003800   00000040  00000040  00000000  RWIX
  CLB3_LOGICCTL         00003900   00000040  00000040  00000000  RWIX
  CLB3_DATAXCHG         00003a00   00000200  00000200  00000000  RWIX
  CLB4_LOGICCFG         00003c00   00000040  00000040  00000000  RWIX
  CLB4_LOGICCTL         00003d00   00000040  00000040  00000000  RWIX
  CLB4_DATAXCHG         00003e00   00000200  00000200  00000000  RWIX
  EPWM1                 00004000   00000100  00000100  00000000  RWIX
  EPWM2                 00004100   00000100  00000100  00000000  RWIX
  EPWM3                 00004200   00000100  00000100  00000000  RWIX
  EPWM4                 00004300   00000100  00000100  00000000  RWIX
  EPWM5                 00004400   00000100  00000100  00000000  RWIX
  EPWM6                 00004500   00000100  00000100  00000000  RWIX
  EPWM7                 00004600   00000100  00000100  00000000  RWIX
  EPWM8                 00004700   00000100  00000100  00000000  RWIX
  EPWM9                 00004800   00000100  00000100  00000000  RWIX
  EPWM10                00004900   00000100  00000100  00000000  RWIX
  EPWM11                00004a00   00000100  00000100  00000000  RWIX
  EPWM12                00004b00   00000100  00000100  00000000  RWIX
  ECAP1                 00005000   00000020  00000020  00000000  RWIX
  ECAP2                 00005020   00000020  00000020  00000000  RWIX
  ECAP3                 00005040   00000020  00000020  00000000  RWIX
  ECAP4                 00005060   00000020  00000020  00000000  RWIX
  ECAP5                 00005080   00000020  00000020  00000000  RWIX
  ECAP6                 000050a0   00000020  00000020  00000000  RWIX
  EQEP1                 00005100   00000040  00000022  0000001e  RWIX
  EQEP2                 00005140   00000040  00000022  0000001e  RWIX
  EQEP3                 00005180   00000040  00000022  0000001e  RWIX
  DACA                  00005c00   00000010  00000008  00000008  RWIX
  DACB                  00005c10   00000010  00000008  00000008  RWIX
  DACC                  00005c20   00000010  00000008  00000008  RWIX
  CMPSS1                00005c80   00000020  00000020  00000000  RWIX
  CMPSS2                00005ca0   00000020  00000020  00000000  RWIX
  CMPSS3                00005cc0   00000020  00000020  00000000  RWIX
  CMPSS4                00005ce0   00000020  00000020  00000000  RWIX
  CMPSS5                00005d00   00000020  00000020  00000000  RWIX
  CMPSS6                00005d20   00000020  00000020  00000000  RWIX
  CMPSS7                00005d40   00000020  00000020  00000000  RWIX
  CMPSS8                00005d60   00000020  00000020  00000000  RWIX
  SDFM1                 00005e00   00000080  00000080  00000000  RWIX
  SDFM2                 00005e80   00000080  00000080  00000000  RWIX
  MCBSPA                00006000   00000040  00000024  0000001c  RWIX
  MCBSPB                00006040   00000040  00000024  0000001c  RWIX
  SPIA                  00006100   00000010  00000010  00000000  RWIX
  SPIB                  00006110   00000010  00000010  00000000  RWIX
  SPIC                  00006120   00000010  00000010  00000000  RWIX
  SPID                  00006130   00000010  00000000  00000010  RWIX
  UPP                   00006200   00000100  00000048  000000b8  RWIX
  WD                    00007000   00000040  0000002b  00000015  RWIX
  NMIINTRUPT            00007060   00000010  00000007  00000009  RWIX
  XINT                  00007070   00000010  0000000b  00000005  RWIX
  SCIA                  00007200   00000010  00000010  00000000  RWIX
  SCIB                  00007210   00000010  00000010  00000000  RWIX
  SCIC                  00007220   00000010  00000010  00000000  RWIX
  SCID                  00007230   00000010  00000010  00000000  RWIX
  I2CA                  00007300   00000040  00000022  0000001e  RWIX
  I2CB                  00007340   00000040  00000022  0000001e  RWIX
  ADCA                  00007400   00000080  00000080  00000000  RWIX
  ADCB                  00007480   00000080  00000080  00000000  RWIX
  ADCC                  00007500   00000080  00000080  00000000  RWIX
  ADCD                  00007580   00000080  00000080  00000000  RWIX
  INPUT_XBAR            00007900   00000020  00000020  00000000  RWIX
  XBAR                  00007920   00000020  00000020  00000000  RWIX
  SYNC_SOC              00007940   00000010  00000006  0000000a  RWIX
  DMACLASRCSEL          00007980   00000040  0000001a  00000026  RWIX
  EPWM_XBAR             00007a00   00000040  00000040  00000000  RWIX
  CLB_XBAR              00007a40   00000040  00000040  00000000  RWIX
  OUTPUT_XBAR           00007a80   00000040  00000040  00000000  RWIX
  GPIOCTRL              00007c00   00000180  00000180  00000000  RWIX
  GPIODAT               00007f00   00000030  00000030  00000000  RWIX
  RAMLS3                00009800   00000800  00000300  00000500  RWIX
  RAMLS4LS5             0000a000   00001000  00000000  00001000  RWIX
  RAMD0                 0000b000   00000250  00000000  00000250  RWIX
  RAMD1                 0000b800   00000250  00000000  00000250  RWIX
  RAMGS0GS1             0000c000   00002000  00000de2  0000121e  RWIX
  RAMGS3                0000f000   00000500  00000000  00000500  RWIX
  RAMGS4                00010000   00000500  00000000  00000500  RWIX
  RAMGS5                00011000   00000500  00000000  00000500  RWIX
  RAMGS6                00012000   00000500  00000000  00000500  RWIX
  RAMGS7                00013000   00000500  00000000  00000500  RWIX
  RAMGS8                00014000   00000500  00000000  00000500  RWIX
  RAMGS9                00015000   00000500  00000000  00000500  RWIX
  RAMGS10               00016000   00000500  00000000  00000500  RWIX
  RAMGS11               00017000   00000500  00000000  00000500  RWIX
  RAMGS12               00018000   00000500  00000000  00000500  RWIX
  RAMGS13               00019000   00000500  00000000  00000500  RWIX
  RAMGS14               0001a000   00000500  00000000  00000500  RWIX
  RAMGS15               0001b000   00000500  00000000  00000500  RWIX
  EMIF1                 00047000   00000800  00000070  00000790  RWIX
  EMIF2                 00047800   00000800  00000070  00000790  RWIX
  IPC                   00050000   00000024  00000024  00000000  RWIX
  FLASHPUMPSEMAPHORE    00050024   00000002  00000002  00000000  RWIX
  DEV_CFG               0005d000   00000180  0000012e  00000052  RWIX
  ANALOG_SUBSYS         0005d180   00000080  00000048  00000038  RWIX
  CLK_CFG               0005d200   00000100  00000032  000000ce  RWIX
  CPU_SYS               0005d300   00000100  00000082  0000007e  RWIX
  ROMPREFETCH           0005e608   00000002  00000002  00000000  RWIX
  DCSM_Z1               0005f000   00000030  00000024  0000000c  RWIX
  DCSM_Z2               0005f040   00000030  00000024  0000000c  RWIX
  DCSM_COMMON           0005f070   00000010  00000008  00000008  RWIX
  MEMCFG                0005f400   00000080  00000080  00000000  RWIX
  EMIF1CONFIG           0005f480   00000020  00000020  00000000  RWIX
  EMIF2CONFIG           0005f4a0   00000020  00000020  00000000  RWIX
  ACCESSPROTECTION      0005f4c0   00000040  00000040  00000000  RWIX
  MEMORYERROR           0005f500   00000040  00000040  00000000  RWIX
  ROMWAITSTATE          0005f540   00000002  00000002  00000000  RWIX
  FLASH0_CTRL           0005f800   00000300  00000182  0000017e  RWIX
  FLASH0_ECC            0005fb00   00000040  00000028  00000018  RWIX
  DCSM_Z1_OTP           00078000   00000020  00000020  00000000  RWIX
  DCSM_Z2_OTP           00078200   00000020  00000020  00000000  RWIX
  FLASHA                000be000   00002000  00000000  00002000  RWIX


SECTION ALLOCATION MAP

 output                                  attributes/
section   page    origin      length       input sections
--------  ----  ----------  ----------   ----------------
codestart 
*          0    00080000    00000002     
                  00080000    00000002     F2837xD_CodeStartBranch.obj (codestart)

.cinit     0    00080002    00000352     
                  00080002    000002a0     IDDK_PM_Servo_F2837x.obj (.cinit)
                  000802a2    00000098     resolver.obj (.cinit)
                  0008033a    0000000e     rts2800_fpu32.lib : exit.obj (.cinit)
                  00080348    00000005                       : _lock.obj (.cinit:__lock)
                  0008034d    00000005                       : _lock.obj (.cinit:__unlock)
                  00080352    00000002     --HOLE-- [fill = 0]

.text      0    00082000    00002183     
                  00082000    000009db     IDDK_PM_Servo_F2837x.obj (.text)
                  000829db    00000585     F2837xD_DefaultISR.obj (.text:retain)
                  00082f60    000003ea     F2837xD_sdfm_drivers.obj (.text)
                  0008334a    00000304     F2837xD_SysCtrl.obj (.text)
                  0008364e    000001cd     F2837xD_Gpio.obj (.text)
                  0008381b    000001c0     Resolver_Lib_Float.lib : Resolver_Float_Source.obj (.text)
                  000839db    00000149     F2837xD_EPwm.obj (.text)
                  00083b24    000000d4     rts2800_fpu32.lib : e_atan2f.obj (.text)
                  00083bf8    000000c9                       : s_atanf.obj (.text)
                  00083cc1    0000009d     resolver.obj (.text)
                  00083d5e    0000008a     resolver.obj (.text:retain)
                  00083de8    00000088     rts2800_fpu32.lib : fs_div.obj (.text)
                  00083e70    00000087     DLOG_4CH_F.obj (.text)
                  00083ef7    00000001     rts2800_fpu32.lib : startup.obj (.text)
                  00083ef8    00000081     c28x_vcu0_library_fpu32.lib : vcu0_crc_16.obj (.text)
                  00083f79    00000056     rts2800_fpu32.lib : boot.obj (.text)
                  00083fcf    00000050     endat.obj (.text:retain)
                  0008401f    0000004c     bissc.obj (.text:retain)
                  0008406b    00000046     rts2800_fpu32.lib : cpy_tbl.obj (.text)
                  000840b1    00000029                       : exit.obj (.text)
                  000840da    00000028     F2837xD_PieCtrl.obj (.text)
                  00084102    0000001e     rts2800_fpu32.lib : memcpy.obj (.text)
                  00084120    0000001a                       : cpy_utils.obj (.text)
                  0008413a    00000019                       : args_main.obj (.text)
                  00084153    00000012     F2837xD_PieVect.obj (.text)
                  00084165    0000000b     rts2800_fpu32.lib : u_div.obj (.text)
                  00084170    00000009                       : _lock.obj (.text)
                  00084179    00000008     F2837xD_CodeStartBranch.obj (.text)
                  00084181    00000002     rts2800_fpu32.lib : pre_init.obj (.text)

ramfuncs   0    00084183    00000309     RUN ADDR = 00008000
                  00084183    000002d9     IDDK_PM_Servo_F2837x.obj (ramfuncs:retain)
                  0008445c    0000002c     F2837xD_SysCtrl.obj (ramfuncs)
                  00084488    00000004     F2837xD_usDelay.obj (ramfuncs)

.econst    0    0008448c    000001ea     
                  0008448c    000001c0     F2837xD_PieVect.obj (.econst:_PieVectTableInit)
                  0008464c    0000000c     rts2800_fpu32.lib : e_atan2f.obj (.econst)
                  00084658    0000000a                       : s_atanf.obj (.econst:_aT)
                  00084662    00000008                       : s_atanf.obj (.econst:_atanhi)
                  0008466a    00000008                       : s_atanf.obj (.econst:_atanlo)
                  00084672    00000004                       : s_atanf.obj (.econst)

AdcaResultFile 
*          1    00000b00    00000018     UNINITIALIZED
                  00000b00    00000018     F2837xD_GlobalVariableDefs.obj (AdcaResultFile)

AdcbResultFile 
*          1    00000b20    00000018     UNINITIALIZED
                  00000b20    00000018     F2837xD_GlobalVariableDefs.obj (AdcbResultFile)

AdccResultFile 
*          1    00000b40    00000018     UNINITIALIZED
                  00000b40    00000018     F2837xD_GlobalVariableDefs.obj (AdccResultFile)

AdcdResultFile 
*          1    00000b60    00000018     UNINITIALIZED
                  00000b60    00000018     F2837xD_GlobalVariableDefs.obj (AdcdResultFile)

CpuTimer0RegsFile 
*          1    00000c00    00000008     UNINITIALIZED
                  00000c00    00000008     F2837xD_GlobalVariableDefs.obj (CpuTimer0RegsFile)

CpuTimer1RegsFile 
*          1    00000c08    00000008     UNINITIALIZED
                  00000c08    00000008     F2837xD_GlobalVariableDefs.obj (CpuTimer1RegsFile)

CpuTimer2RegsFile 
*          1    00000c10    00000008     UNINITIALIZED
                  00000c10    00000008     F2837xD_GlobalVariableDefs.obj (CpuTimer2RegsFile)

PieCtrlRegsFile 
*          1    00000ce0    0000001a     UNINITIALIZED
                  00000ce0    0000001a     F2837xD_GlobalVariableDefs.obj (PieCtrlRegsFile)

PieVectTableFile 
*          1    00000d00    000001c0     UNINITIALIZED
                  00000d00    000001c0     F2837xD_GlobalVariableDefs.obj (PieVectTableFile)

EmuKeyVar 
*          1    00000d00    00000001     UNINITIALIZED
                  00000d00    00000001     F2837xD_GlobalVariableDefs.obj (EmuKeyVar)

EmuBModeVar 
*          1    00000d01    00000001     UNINITIALIZED
                  00000d01    00000001     F2837xD_GlobalVariableDefs.obj (EmuBModeVar)

FlashCallbackVar 
*          1    00000d02    00000000     UNINITIALIZED

FlashScalingVar 
*          1    00000d02    00000000     UNINITIALIZED

DmaRegsFile 
*          1    00001000    000000e0     UNINITIALIZED
                  00001000    000000e0     F2837xD_GlobalVariableDefs.obj (DmaRegsFile)

Cla1RegsFile 
*          1    00001400    0000003e     UNINITIALIZED
                  00001400    0000003e     F2837xD_GlobalVariableDefs.obj (Cla1RegsFile)

Clb1LogicCfgRegsFile 
*          1    00003000    00000040     UNINITIALIZED
                  00003000    00000040     PM_bissC_Lib.lib : F2837xD_GlobalVariableDefs_clb.obj (Clb1LogicCfgRegsFile)

Clb1LogicCtrlRegsFile 
*          1    00003100    00000040     UNINITIALIZED
                  00003100    00000040     PM_bissC_Lib.lib : F2837xD_GlobalVariableDefs_clb.obj (Clb1LogicCtrlRegsFile)

Clb1DataExchgRegsFile 
*          1    00003200    00000200     UNINITIALIZED
                  00003200    00000200     PM_bissC_Lib.lib : F2837xD_GlobalVariableDefs_clb.obj (Clb1DataExchgRegsFile)

Clb2LogicCfgRegsFile 
*          1    00003400    00000040     UNINITIALIZED
                  00003400    00000040     PM_bissC_Lib.lib : F2837xD_GlobalVariableDefs_clb.obj (Clb2LogicCfgRegsFile)

Clb2LogicCtrlRegsFile 
*          1    00003500    00000040     UNINITIALIZED
                  00003500    00000040     PM_bissC_Lib.lib : F2837xD_GlobalVariableDefs_clb.obj (Clb2LogicCtrlRegsFile)

Clb2DataExchgRegsFile 
*          1    00003600    00000200     UNINITIALIZED
                  00003600    00000200     PM_bissC_Lib.lib : F2837xD_GlobalVariableDefs_clb.obj (Clb2DataExchgRegsFile)

Clb3LogicCfgRegsFile 
*          1    00003800    00000040     UNINITIALIZED
                  00003800    00000040     PM_bissC_Lib.lib : F2837xD_GlobalVariableDefs_clb.obj (Clb3LogicCfgRegsFile)

Clb3LogicCtrlRegsFile 
*          1    00003900    00000040     UNINITIALIZED
                  00003900    00000040     PM_bissC_Lib.lib : F2837xD_GlobalVariableDefs_clb.obj (Clb3LogicCtrlRegsFile)

Clb3DataExchgRegsFile 
*          1    00003a00    00000200     UNINITIALIZED
                  00003a00    00000200     PM_bissC_Lib.lib : F2837xD_GlobalVariableDefs_clb.obj (Clb3DataExchgRegsFile)

Clb4LogicCfgRegsFile 
*          1    00003c00    00000040     UNINITIALIZED
                  00003c00    00000040     PM_bissC_Lib.lib : F2837xD_GlobalVariableDefs_clb.obj (Clb4LogicCfgRegsFile)

Clb4LogicCtrlRegsFile 
*          1    00003d00    00000040     UNINITIALIZED
                  00003d00    00000040     PM_bissC_Lib.lib : F2837xD_GlobalVariableDefs_clb.obj (Clb4LogicCtrlRegsFile)

Clb4DataExchgRegsFile 
*          1    00003e00    00000200     UNINITIALIZED
                  00003e00    00000200     PM_bissC_Lib.lib : F2837xD_GlobalVariableDefs_clb.obj (Clb4DataExchgRegsFile)

EPwm1RegsFile 
*          1    00004000    00000100     UNINITIALIZED
                  00004000    00000100     F2837xD_GlobalVariableDefs.obj (EPwm1RegsFile)

EPwm2RegsFile 
*          1    00004100    00000100     UNINITIALIZED
                  00004100    00000100     F2837xD_GlobalVariableDefs.obj (EPwm2RegsFile)

EPwm3RegsFile 
*          1    00004200    00000100     UNINITIALIZED
                  00004200    00000100     F2837xD_GlobalVariableDefs.obj (EPwm3RegsFile)

EPwm4RegsFile 
*          1    00004300    00000100     UNINITIALIZED
                  00004300    00000100     F2837xD_GlobalVariableDefs.obj (EPwm4RegsFile)

EPwm5RegsFile 
*          1    00004400    00000100     UNINITIALIZED
                  00004400    00000100     F2837xD_GlobalVariableDefs.obj (EPwm5RegsFile)

EPwm6RegsFile 
*          1    00004500    00000100     UNINITIALIZED
                  00004500    00000100     F2837xD_GlobalVariableDefs.obj (EPwm6RegsFile)

EPwm7RegsFile 
*          1    00004600    00000100     UNINITIALIZED
                  00004600    00000100     F2837xD_GlobalVariableDefs.obj (EPwm7RegsFile)

EPwm8RegsFile 
*          1    00004700    00000100     UNINITIALIZED
                  00004700    00000100     F2837xD_GlobalVariableDefs.obj (EPwm8RegsFile)

EPwm9RegsFile 
*          1    00004800    00000100     UNINITIALIZED
                  00004800    00000100     F2837xD_GlobalVariableDefs.obj (EPwm9RegsFile)

EPwm10RegsFile 
*          1    00004900    00000100     UNINITIALIZED
                  00004900    00000100     F2837xD_GlobalVariableDefs.obj (EPwm10RegsFile)

EPwm11RegsFile 
*          1    00004a00    00000100     UNINITIALIZED
                  00004a00    00000100     F2837xD_GlobalVariableDefs.obj (EPwm11RegsFile)

EPwm12RegsFile 
*          1    00004b00    00000100     UNINITIALIZED
                  00004b00    00000100     F2837xD_GlobalVariableDefs.obj (EPwm12RegsFile)

ECap1RegsFile 
*          1    00005000    00000020     UNINITIALIZED
                  00005000    00000020     F2837xD_GlobalVariableDefs.obj (ECap1RegsFile)

ECap2RegsFile 
*          1    00005020    00000020     UNINITIALIZED
                  00005020    00000020     F2837xD_GlobalVariableDefs.obj (ECap2RegsFile)

ECap3RegsFile 
*          1    00005040    00000020     UNINITIALIZED
                  00005040    00000020     F2837xD_GlobalVariableDefs.obj (ECap3RegsFile)

ECap4RegsFile 
*          1    00005060    00000020     UNINITIALIZED
                  00005060    00000020     F2837xD_GlobalVariableDefs.obj (ECap4RegsFile)

ECap5RegsFile 
*          1    00005080    00000020     UNINITIALIZED
                  00005080    00000020     F2837xD_GlobalVariableDefs.obj (ECap5RegsFile)

ECap6RegsFile 
*          1    000050a0    00000020     UNINITIALIZED
                  000050a0    00000020     F2837xD_GlobalVariableDefs.obj (ECap6RegsFile)

EQep1RegsFile 
*          1    00005100    00000022     UNINITIALIZED
                  00005100    00000022     F2837xD_GlobalVariableDefs.obj (EQep1RegsFile)

EQep2RegsFile 
*          1    00005140    00000022     UNINITIALIZED
                  00005140    00000022     F2837xD_GlobalVariableDefs.obj (EQep2RegsFile)

EQep3RegsFile 
*          1    00005180    00000022     UNINITIALIZED
                  00005180    00000022     F2837xD_GlobalVariableDefs.obj (EQep3RegsFile)

DacaRegsFile 
*          1    00005c00    00000008     UNINITIALIZED
                  00005c00    00000008     F2837xD_GlobalVariableDefs.obj (DacaRegsFile)

DacbRegsFile 
*          1    00005c10    00000008     UNINITIALIZED
                  00005c10    00000008     F2837xD_GlobalVariableDefs.obj (DacbRegsFile)

DaccRegsFile 
*          1    00005c20    00000008     UNINITIALIZED
                  00005c20    00000008     F2837xD_GlobalVariableDefs.obj (DaccRegsFile)

Cmpss1RegsFile 
*          1    00005c80    00000020     UNINITIALIZED
                  00005c80    00000020     F2837xD_GlobalVariableDefs.obj (Cmpss1RegsFile)

Cmpss2RegsFile 
*          1    00005ca0    00000020     UNINITIALIZED
                  00005ca0    00000020     F2837xD_GlobalVariableDefs.obj (Cmpss2RegsFile)

Cmpss3RegsFile 
*          1    00005cc0    00000020     UNINITIALIZED
                  00005cc0    00000020     F2837xD_GlobalVariableDefs.obj (Cmpss3RegsFile)

Cmpss4RegsFile 
*          1    00005ce0    00000020     UNINITIALIZED
                  00005ce0    00000020     F2837xD_GlobalVariableDefs.obj (Cmpss4RegsFile)

Cmpss5RegsFile 
*          1    00005d00    00000020     UNINITIALIZED
                  00005d00    00000020     F2837xD_GlobalVariableDefs.obj (Cmpss5RegsFile)

Cmpss6RegsFile 
*          1    00005d20    00000020     UNINITIALIZED
                  00005d20    00000020     F2837xD_GlobalVariableDefs.obj (Cmpss6RegsFile)

Cmpss7RegsFile 
*          1    00005d40    00000020     UNINITIALIZED
                  00005d40    00000020     F2837xD_GlobalVariableDefs.obj (Cmpss7RegsFile)

Cmpss8RegsFile 
*          1    00005d60    00000020     UNINITIALIZED
                  00005d60    00000020     F2837xD_GlobalVariableDefs.obj (Cmpss8RegsFile)

Sdfm1RegsFile 
*          1    00005e00    00000080     UNINITIALIZED
                  00005e00    00000080     F2837xD_GlobalVariableDefs.obj (Sdfm1RegsFile)

Sdfm2RegsFile 
*          1    00005e80    00000080     UNINITIALIZED
                  00005e80    00000080     F2837xD_GlobalVariableDefs.obj (Sdfm2RegsFile)

McbspaRegsFile 
*          1    00006000    00000024     UNINITIALIZED
                  00006000    00000024     F2837xD_GlobalVariableDefs.obj (McbspaRegsFile)

McbspbRegsFile 
*          1    00006040    00000024     UNINITIALIZED
                  00006040    00000024     F2837xD_GlobalVariableDefs.obj (McbspbRegsFile)

SpiaRegsFile 
*          1    00006100    00000010     UNINITIALIZED
                  00006100    00000010     F2837xD_GlobalVariableDefs.obj (SpiaRegsFile)

SpibRegsFile 
*          1    00006110    00000010     UNINITIALIZED
                  00006110    00000010     F2837xD_GlobalVariableDefs.obj (SpibRegsFile)

SpicRegsFile 
*          1    00006120    00000010     UNINITIALIZED
                  00006120    00000010     F2837xD_GlobalVariableDefs.obj (SpicRegsFile)

UppRegsFile 
*          1    00006200    00000048     UNINITIALIZED
                  00006200    00000048     F2837xD_GlobalVariableDefs.obj (UppRegsFile)

WdRegsFile 
*          1    00007000    0000002b     UNINITIALIZED
                  00007000    0000002b     F2837xD_GlobalVariableDefs.obj (WdRegsFile)

NmiIntruptRegsFile 
*          1    00007060    00000007     UNINITIALIZED
                  00007060    00000007     F2837xD_GlobalVariableDefs.obj (NmiIntruptRegsFile)

XintRegsFile 
*          1    00007070    0000000b     UNINITIALIZED
                  00007070    0000000b     F2837xD_GlobalVariableDefs.obj (XintRegsFile)

SciaRegsFile 
*          1    00007200    00000010     UNINITIALIZED
                  00007200    00000010     F2837xD_GlobalVariableDefs.obj (SciaRegsFile)

ScibRegsFile 
*          1    00007210    00000010     UNINITIALIZED
                  00007210    00000010     F2837xD_GlobalVariableDefs.obj (ScibRegsFile)

ScicRegsFile 
*          1    00007220    00000010     UNINITIALIZED
                  00007220    00000010     F2837xD_GlobalVariableDefs.obj (ScicRegsFile)

ScidRegsFile 
*          1    00007230    00000010     UNINITIALIZED
                  00007230    00000010     F2837xD_GlobalVariableDefs.obj (ScidRegsFile)

I2caRegsFile 
*          1    00007300    00000022     UNINITIALIZED
                  00007300    00000022     F2837xD_GlobalVariableDefs.obj (I2caRegsFile)

I2cbRegsFile 
*          1    00007340    00000022     UNINITIALIZED
                  00007340    00000022     F2837xD_GlobalVariableDefs.obj (I2cbRegsFile)

AdcaRegsFile 
*          1    00007400    00000080     UNINITIALIZED
                  00007400    00000080     F2837xD_GlobalVariableDefs.obj (AdcaRegsFile)

AdcbRegsFile 
*          1    00007480    00000080     UNINITIALIZED
                  00007480    00000080     F2837xD_GlobalVariableDefs.obj (AdcbRegsFile)

AdccRegsFile 
*          1    00007500    00000080     UNINITIALIZED
                  00007500    00000080     F2837xD_GlobalVariableDefs.obj (AdccRegsFile)

AdcdRegsFile 
*          1    00007580    00000080     UNINITIALIZED
                  00007580    00000080     F2837xD_GlobalVariableDefs.obj (AdcdRegsFile)

InputXbarRegsFile 
*          1    00007900    00000020     UNINITIALIZED
                  00007900    00000020     F2837xD_GlobalVariableDefs.obj (InputXbarRegsFile)

XbarRegsFile 
*          1    00007920    00000020     UNINITIALIZED
                  00007920    00000020     F2837xD_GlobalVariableDefs.obj (XbarRegsFile)

SyncSocRegsFile 
*          1    00007940    00000006     UNINITIALIZED
                  00007940    00000006     F2837xD_GlobalVariableDefs.obj (SyncSocRegsFile)

DmaClaSrcSelRegsFile 
*          1    00007980    0000001a     UNINITIALIZED
                  00007980    0000001a     F2837xD_GlobalVariableDefs.obj (DmaClaSrcSelRegsFile)

EPwmXbarRegsFile 
*          1    00007a00    00000040     UNINITIALIZED
                  00007a00    00000040     F2837xD_GlobalVariableDefs.obj (EPwmXbarRegsFile)

ClbXbarRegsFile 
*          1    00007a40    00000040     UNINITIALIZED
                  00007a40    00000040     PM_bissC_Lib.lib : F2837xD_GlobalVariableDefs_clb.obj (ClbXbarRegsFile)

OutputXbarRegsFile 
*          1    00007a80    00000040     UNINITIALIZED
                  00007a80    00000040     F2837xD_GlobalVariableDefs.obj (OutputXbarRegsFile)

GpioCtrlRegsFile 
*          1    00007c00    00000180     UNINITIALIZED
                  00007c00    00000180     F2837xD_GlobalVariableDefs.obj (GpioCtrlRegsFile)

GpioDataRegsFile 
*          1    00007f00    00000030     UNINITIALIZED
                  00007f00    00000030     F2837xD_GlobalVariableDefs.obj (GpioDataRegsFile)

.stack     1    00009800    00000300     UNINITIALIZED
                  00009800    00000300     --HOLE--

.ebss      1    0000c000    00000de2     UNINITIALIZED
                  0000c000    00000990     IDDK_PM_Servo_F2837x.obj (.ebss)
                  0000c990    00000012     Resolver_Lib_Float.lib : Resolver_Float_Source.obj (.ebss)
                  0000c9a2    00000006     rts2800_fpu32.lib : exit.obj (.ebss)
                  0000c9a8    00000002                       : _lock.obj (.ebss:__lock)
                  0000c9aa    00000002                       : _lock.obj (.ebss:__unlock)
                  0000c9ac    00000014     --HOLE--
                  0000c9c0    000001c0     endat.obj (.ebss)
                  0000cb80    00000180     bissc.obj (.ebss)
                  0000cd00    000000e2     resolver.obj (.ebss)

Emif1RegsFile 
*          1    00047000    00000070     UNINITIALIZED
                  00047000    00000070     F2837xD_GlobalVariableDefs.obj (Emif1RegsFile)

Emif2RegsFile 
*          1    00047800    00000070     UNINITIALIZED
                  00047800    00000070     F2837xD_GlobalVariableDefs.obj (Emif2RegsFile)

IpcRegsFile 
*          1    00050000    00000024     UNINITIALIZED
                  00050000    00000024     F2837xD_GlobalVariableDefs.obj (IpcRegsFile)

FlashPumpSemaphoreRegsFile 
*          1    00050024    00000002     UNINITIALIZED
                  00050024    00000002     F2837xD_GlobalVariableDefs.obj (FlashPumpSemaphoreRegsFile)

DevCfgRegsFile 
*          1    0005d000    0000012e     UNINITIALIZED
                  0005d000    0000012e     F2837xD_GlobalVariableDefs.obj (DevCfgRegsFile)

AnalogSubsysRegsFile 
*          1    0005d180    00000048     UNINITIALIZED
                  0005d180    00000048     F2837xD_GlobalVariableDefs.obj (AnalogSubsysRegsFile)

Cla1SoftIntRegsFile 
*          1    00000ce0    00000004     DSECT
                  00000ce0    00000004     F2837xD_GlobalVariableDefs.obj (Cla1SoftIntRegsFile)

ClkCfgRegsFile 
*          1    0005d200    00000032     UNINITIALIZED
                  0005d200    00000032     F2837xD_GlobalVariableDefs.obj (ClkCfgRegsFile)

CpuSysRegsFile 
*          1    0005d300    00000082     UNINITIALIZED
                  0005d300    00000082     F2837xD_GlobalVariableDefs.obj (CpuSysRegsFile)

RomPrefetchRegsFile 
*          1    0005e608    00000002     UNINITIALIZED
                  0005e608    00000002     F2837xD_GlobalVariableDefs.obj (RomPrefetchRegsFile)

DcsmZ1RegsFile 
*          1    0005f000    00000024     UNINITIALIZED
                  0005f000    00000024     F2837xD_GlobalVariableDefs.obj (DcsmZ1RegsFile)

DcsmZ2RegsFile 
*          1    0005f040    00000024     UNINITIALIZED
                  0005f040    00000024     F2837xD_GlobalVariableDefs.obj (DcsmZ2RegsFile)

DcsmCommonRegsFile 
*          1    0005f070    00000008     UNINITIALIZED
                  0005f070    00000008     F2837xD_GlobalVariableDefs.obj (DcsmCommonRegsFile)

MemCfgRegsFile 
*          1    0005f400    00000080     UNINITIALIZED
                  0005f400    00000080     F2837xD_GlobalVariableDefs.obj (MemCfgRegsFile)

Emif1ConfigRegsFile 
*          1    0005f480    00000020     UNINITIALIZED
                  0005f480    00000020     F2837xD_GlobalVariableDefs.obj (Emif1ConfigRegsFile)

Emif2ConfigRegsFile 
*          1    0005f4a0    00000020     UNINITIALIZED
                  0005f4a0    00000020     F2837xD_GlobalVariableDefs.obj (Emif2ConfigRegsFile)

AccessProtectionRegsFile 
*          1    0005f4c0    00000040     UNINITIALIZED
                  0005f4c0    00000040     F2837xD_GlobalVariableDefs.obj (AccessProtectionRegsFile)

MemoryErrorRegsFile 
*          1    0005f500    00000040     UNINITIALIZED
                  0005f500    00000040     F2837xD_GlobalVariableDefs.obj (MemoryErrorRegsFile)

RomWaitStateRegsFile 
*          1    0005f540    00000002     UNINITIALIZED
                  0005f540    00000002     F2837xD_GlobalVariableDefs.obj (RomWaitStateRegsFile)

Flash0CtrlRegsFile 
*          1    0005f800    00000182     UNINITIALIZED
                  0005f800    00000182     F2837xD_GlobalVariableDefs.obj (Flash0CtrlRegsFile)

Flash0EccRegsFile 
*          1    0005fb00    00000028     UNINITIALIZED
                  0005fb00    00000028     F2837xD_GlobalVariableDefs.obj (Flash0EccRegsFile)

DcsmZ1OtpFile 
*          1    00078000    00000020     NOLOAD SECTION
                  00078000    00000020     F2837xD_GlobalVariableDefs.obj (DcsmZ1OtpFile)

DcsmZ2OtpFile 
*          1    00078200    00000020     NOLOAD SECTION
                  00078200    00000020     F2837xD_GlobalVariableDefs.obj (DcsmZ2OtpFile)

.pinit     0    00080002    00000000     UNINITIALIZED

.reset     0    003fffc0    00000002     DSECT
                  003fffc0    00000002     rts2800_fpu32.lib : boot.obj (.reset)

MODULE SUMMARY

       Module                               code    ro data   rw data
       ------                               ----    -------   -------
    .\
       F2837xD_GlobalVariableDefs.obj       0       0         8047   
       IDDK_PM_Servo_F2837x.obj             3981    0         3120   
       F2837xD_DefaultISR.obj               1413    0         0      
       F2837xD_sdfm_drivers.obj             1002    0         0      
       F2837xD_SysCtrl.obj                  860     0         0      
       resolver.obj                         295     0         378    
       endat.obj                            80      0         448    
       F2837xD_PieVect.obj                  18      0         448    
       F2837xD_Gpio.obj                     461     0         0      
       bissc.obj                            76      0         384    
       F2837xD_EPwm.obj                     329     0         0      
       DLOG_4CH_F.obj                       135     0         0      
       F2837xD_PieCtrl.obj                  40      0         0      
       F2837xD_CodeStartBranch.obj          10      0         0      
       F2837xD_usDelay.obj                  8       0         0      
    +--+------------------------------------+-------+---------+---------+
       Total:                               8708    0         12825  
                                                                     
    C:/ti/ccsv6/tools/compiler/ti-cgt-c2000_15.12.1.LTS/lib/rts2800_fpu32.lib
       u_div.obj                            11      0         0      
    +--+------------------------------------+-------+---------+---------+
       Total:                               11      0         0      
                                                                     
    C:/ti/controlSUITE/libs/app_libs/motor_control/libs/resolver/v101/lib/Resolver_Lib_Float.lib
       Resolver_Float_Source.obj            448     0         18     
    +--+------------------------------------+-------+---------+---------+
       Total:                               448     0         18     
                                                                     
    C:/ti/controlSUITE/libs/app_libs/position_manager/v01_00_00_00/bissc/Float/lib/PM_bissC_Lib.lib
       F2837xD_GlobalVariableDefs_clb.obj   0       0         2624   
    +--+------------------------------------+-------+---------+---------+
       Total:                               0       0         2624   
                                                                     
    C:/ti/controlSUITE/libs/dsp/VCU/v2_10_00_00/lib/c28x_vcu0_library_fpu32.lib
       vcu0_crc_16.obj                      129     0         0      
    +--+------------------------------------+-------+---------+---------+
       Total:                               129     0         0      
                                                                     
    C:\ti\ccsv6\tools\compiler\ti-cgt-c2000_15.12.1.LTS\lib\rts2800_fpu32.lib
       s_atanf.obj                          201     0         30     
       e_atan2f.obj                         212     0         12     
       fs_div.obj                           136     0         0      
       boot.obj                             86      0         0      
       cpy_tbl.obj                          70      0         0      
       exit.obj                             41      0         20     
       memcpy.obj                           30      0         0      
       cpy_utils.obj                        26      0         0      
       args_main.obj                        25      0         0      
       _lock.obj                            9       0         14     
       pre_init.obj                         2       0         0      
       startup.obj                          1       0         0      
    +--+------------------------------------+-------+---------+---------+
       Total:                               839     0         76     
                                                                     
       Stack:                               0       0         768    
    +--+------------------------------------+-------+---------+---------+
       Grand Total:                         10135   0         16311  


GLOBAL DATA SYMBOLS: SORTED BY DATA PAGE

address     data page           name
--------    ----------------    ----
00000b00      2c (00000b00)     _AdcaResultRegs
00000b20      2c (00000b00)     _AdcbResultRegs

00000b40      2d (00000b40)     _AdccResultRegs
00000b60      2d (00000b40)     _AdcdResultRegs

00000c00      30 (00000c00)     _CpuTimer0Regs
00000c08      30 (00000c00)     _CpuTimer1Regs
00000c10      30 (00000c00)     _CpuTimer2Regs

00000ce0      33 (00000cc0)     _Cla1SoftIntRegs
00000ce0      33 (00000cc0)     _PieCtrlRegs

00000d00      34 (00000d00)     _EmuKey
00000d00      34 (00000d00)     _PieVectTable
00000d01      34 (00000d00)     _EmuBMode

00001000      40 (00001000)     _DmaRegs

00001400      50 (00001400)     _Cla1Regs

00003000      c0 (00003000)     _Clb1LogicCfgRegs

00003100      c4 (00003100)     _Clb1LogicCtrlRegs

00003200      c8 (00003200)     _Clb1DataExchgRegs

00003400      d0 (00003400)     _Clb2LogicCfgRegs

00003500      d4 (00003500)     _Clb2LogicCtrlRegs

00003600      d8 (00003600)     _Clb2DataExchgRegs

00003800      e0 (00003800)     _Clb3LogicCfgRegs

00003900      e4 (00003900)     _Clb3LogicCtrlRegs

00003a00      e8 (00003a00)     _Clb3DataExchgRegs

00003c00      f0 (00003c00)     _Clb4LogicCfgRegs

00003d00      f4 (00003d00)     _Clb4LogicCtrlRegs

00003e00      f8 (00003e00)     _Clb4DataExchgRegs

00004000     100 (00004000)     _EPwm1Regs

00004100     104 (00004100)     _EPwm2Regs

00004200     108 (00004200)     _EPwm3Regs

00004300     10c (00004300)     _EPwm4Regs

00004400     110 (00004400)     _EPwm5Regs

00004500     114 (00004500)     _EPwm6Regs

00004600     118 (00004600)     _EPwm7Regs

00004700     11c (00004700)     _EPwm8Regs

00004800     120 (00004800)     _EPwm9Regs

00004900     124 (00004900)     _EPwm10Regs

00004a00     128 (00004a00)     _EPwm11Regs

00004b00     12c (00004b00)     _EPwm12Regs

00005000     140 (00005000)     _ECap1Regs
00005020     140 (00005000)     _ECap2Regs

00005040     141 (00005040)     _ECap3Regs
00005060     141 (00005040)     _ECap4Regs

00005080     142 (00005080)     _ECap5Regs
000050a0     142 (00005080)     _ECap6Regs

00005100     144 (00005100)     _EQep1Regs

00005140     145 (00005140)     _EQep2Regs

00005180     146 (00005180)     _EQep3Regs

00005c00     170 (00005c00)     _DacaRegs
00005c10     170 (00005c00)     _DacbRegs
00005c20     170 (00005c00)     _DaccRegs

00005c80     172 (00005c80)     _Cmpss1Regs
00005ca0     172 (00005c80)     _Cmpss2Regs

00005cc0     173 (00005cc0)     _Cmpss3Regs
00005ce0     173 (00005cc0)     _Cmpss4Regs

00005d00     174 (00005d00)     _Cmpss5Regs
00005d20     174 (00005d00)     _Cmpss6Regs

00005d40     175 (00005d40)     _Cmpss7Regs
00005d60     175 (00005d40)     _Cmpss8Regs

00005e00     178 (00005e00)     _Sdfm1Regs

00005e80     17a (00005e80)     _Sdfm2Regs

00006000     180 (00006000)     _McbspaRegs

00006040     181 (00006040)     _McbspbRegs

00006100     184 (00006100)     _SpiaRegs
00006110     184 (00006100)     _SpibRegs
00006120     184 (00006100)     _SpicRegs

00006200     188 (00006200)     _UppRegs

00007000     1c0 (00007000)     _WdRegs

00007060     1c1 (00007040)     _NmiIntruptRegs
00007070     1c1 (00007040)     _XintRegs

00007200     1c8 (00007200)     _SciaRegs
00007210     1c8 (00007200)     _ScibRegs
00007220     1c8 (00007200)     _ScicRegs
00007230     1c8 (00007200)     _ScidRegs

00007300     1cc (00007300)     _I2caRegs

00007340     1cd (00007340)     _I2cbRegs

00007400     1d0 (00007400)     _AdcaRegs

00007480     1d2 (00007480)     _AdcbRegs

00007500     1d4 (00007500)     _AdccRegs

00007580     1d6 (00007580)     _AdcdRegs

00007900     1e4 (00007900)     _InputXbarRegs
00007920     1e4 (00007900)     _XbarRegs

00007940     1e5 (00007940)     _SyncSocRegs

00007980     1e6 (00007980)     _DmaClaSrcSelRegs

00007a00     1e8 (00007a00)     _EPwmXbarRegs

00007a40     1e9 (00007a40)     _ClbXbarRegs

00007a80     1ea (00007a80)     _OutputXbarRegs

00007c00     1f0 (00007c00)     _GpioCtrlRegs

00007f00     1fc (00007f00)     _GpioDataRegs

00009800     260 (00009800)     __stack

0000c000     300 (0000c000)     _clearTripFlagDMC
0000c001     300 (0000c000)     _OffsetCalCounter
0000c002     300 (0000c000)     _RunMotor
0000c003     300 (0000c000)     _SpeedLoopCount
0000c004     300 (0000c000)     _HLT
0000c005     300 (0000c000)     _TripFlagDMC
0000c006     300 (0000c000)     _SerialCommsTimer
0000c007     300 (0000c000)     _ptr1
0000c008     300 (0000c000)     _ptrMax
0000c009     300 (0000c000)     _LLT
0000c00a     300 (0000c000)     _lsw
0000c00b     300 (0000c000)     _EnableFlag
0000c00c     300 (0000c000)     _SHUNT_curLo
0000c00d     300 (0000c000)     _clkPrescale
0000c00e     300 (0000c000)     _sampwin
0000c00f     300 (0000c000)     _LEM_curHi
0000c010     300 (0000c000)     _thresh
0000c011     300 (0000c000)     _SHUNT_curHi
0000c012     300 (0000c000)     _LEM_curLo
0000c013     300 (0000c000)     _LedCnt1
0000c014     300 (0000c000)     _Run_Delay
0000c015     300 (0000c000)     _BackTicker
0000c016     300 (0000c000)     _SpeedLoopPrescaler
0000c017     300 (0000c000)     _EnableResolverISR
0000c018     300 (0000c000)     _A_Task_Ptr
0000c01a     300 (0000c000)     _Alpha_State_Ptr
0000c01c     300 (0000c000)     _offset_SDFM1
0000c01e     300 (0000c000)     _offset_SDFM2
0000c020     300 (0000c000)     _offset_lemV
0000c022     300 (0000c000)     _offset_lemW
0000c024     300 (0000c000)     _IsrTicker
0000c026     300 (0000c000)     _curLimit
0000c028     300 (0000c000)     _K1
0000c02a     300 (0000c000)     _C_Task_Ptr
0000c02c     300 (0000c000)     _adc_cal
0000c02e     300 (0000c000)     _cntr
0000c030     300 (0000c000)     _B_Task_Ptr
0000c032     300 (0000c000)     _offset_Rcos
0000c034     300 (0000c000)     _K2
0000c036     300 (0000c000)     _SVGenMacroCount_LEVEL1
0000c038     300 (0000c000)     _offset_Rsin
0000c03a     300 (0000c000)     _SpeedRef
0000c03c     300 (0000c000)     _IqRef
0000c03e     300 (0000c000)     _VqTesting

0000c040     301 (0000c040)     _IdRef
0000c042     301 (0000c040)     _T
0000c044     301 (0000c040)     _cntr1
0000c046     301 (0000c040)     _IdRef_run
0000c048     301 (0000c040)     _IdRef_start
0000c04a     301 (0000c040)     _alignCnt
0000c04c     301 (0000c040)     _DlogCh4
0000c04e     301 (0000c040)     _VdTesting
0000c050     301 (0000c040)     _DlogCh3
0000c052     301 (0000c040)     _DlogCh1
0000c054     301 (0000c040)     _DlogCh2
0000c056     301 (0000c040)     _posSlewRate
0000c058     301 (0000c040)     _VTimer1
0000c05c     301 (0000c040)     _VTimer2
0000c060     301 (0000c040)     _VTimer0
0000c064     301 (0000c040)     _SDFM
0000c06a     301 (0000c040)     _eQEP
0000c070     301 (0000c040)     _clarke1

0000c080     302 (0000c080)     _posEncMechTheta
0000c08c     302 (0000c080)     _posEncElecTheta
0000c098     302 (0000c080)     _rg1
0000c0a4     302 (0000c080)     _ipark1
0000c0b2     302 (0000c080)     _park1

0000c0c0     303 (0000c0c0)     _rc2
0000c0d0     303 (0000c0c0)     _rc1
0000c0e0     303 (0000c0c0)     _posArray
0000c0f0     303 (0000c0c0)     _resolver1

0000c100     304 (0000c100)     _biss1
0000c110     304 (0000c100)     _endat1
0000c120     304 (0000c100)     _TrigSel
0000c130     304 (0000c100)     _ACQPS

0000c140     305 (0000c140)     _ChSel
0000c150     305 (0000c140)     _current_sensor
0000c162     305 (0000c140)     _svgen1

0000c180     306 (0000c180)     _qep1
0000c192     306 (0000c180)     _speed1
0000c1a6     306 (0000c180)     _volt1

0000c1c0     307 (0000c1c0)     _pi_iq
0000c1d8     307 (0000c1c0)     _pi_id

0000c200     308 (0000c200)     _pi_pos
0000c218     308 (0000c200)     _dlog_4ch1

0000c240     309 (0000c240)     _ePWM
0000c25a     309 (0000c240)     _pid_pos

0000c280     30a (0000c280)     _pid_spd

0000c2c0     30b (0000c2c0)     _DBUFF_4CH2

0000c480     312 (0000c480)     _DBUFF_4CH1

0000c640     319 (0000c640)     _DBUFF_4CH4

0000c800     320 (0000c800)     _DBUFF_4CH3

0000c990     326 (0000c980)     _firIndex
0000c992     326 (0000c980)     _coeff
0000c994     326 (0000c980)     _cosFIR
0000c996     326 (0000c980)     _nextSin16
0000c998     326 (0000c980)     _nextCos16
0000c99a     326 (0000c980)     _tmp
0000c99c     326 (0000c980)     _coeff16
0000c99e     326 (0000c980)     _sinFIR
0000c9a0     326 (0000c980)     _errorOld
0000c9a2     326 (0000c980)     ___TI_enable_exit_profile_output
0000c9a4     326 (0000c980)     ___TI_cleanup_ptr
0000c9a6     326 (0000c980)     ___TI_dtors_ptr
0000c9a8     326 (0000c980)     __lock
0000c9aa     326 (0000c980)     __unlock

0000c9c0     327 (0000c9c0)     _retval1
0000c9c1     327 (0000c9c0)     _crc5_result

0000ca00     328 (0000ca00)     _endat22Data

0000ca80     32a (0000ca80)     _endat22CRCtable

0000cb80     32e (0000cb80)     _bissc_data_struct

0000cc00     330 (0000cc00)     _bissCRCtableSCD

0000cd00     334 (0000cd00)     _resMagMax
0000cd02     334 (0000cd00)     _resetAll
0000cd04     334 (0000cd00)     _DOS_ERROR
0000cd06     334 (0000cd00)     _resMagMin
0000cd08     334 (0000cd00)     _testCntr
0000cd0a     334 (0000cd00)     _piconFz
0000cd0c     334 (0000cd00)     _testAngleMax
0000cd0e     334 (0000cd00)     _testCntMax
0000cd10     334 (0000cd00)     _skipLosCnt
0000cd12     334 (0000cd00)     _losLimit
0000cd14     334 (0000cd00)     _angleErrMax
0000cd16     334 (0000cd00)     _skipLosPrd
0000cd18     334 (0000cd00)     _PLL_ERROR
0000cd1a     334 (0000cd00)     _LOS_ERROR
0000cd1c     334 (0000cd00)     _dosLimit
0000cd1e     334 (0000cd00)     _offsetFc
0000cd20     334 (0000cd00)     _offsetWfT
0000cd22     334 (0000cd00)     _sineTable
0000cd24     334 (0000cd00)     _rslvrKp
0000cd26     334 (0000cd00)     _dos
0000cd28     334 (0000cd00)     _firCoeff
0000cd2a     334 (0000cd00)     _errorFc
0000cd2c     334 (0000cd00)     _rslvrIn

0000cd40     335 (0000cd40)     _SINE_TABLE

0000cd80     336 (0000cd80)     _rslvrOut

0000cdc0     337 (0000cdc0)     _FIR_COEFF

00047000    11c0 (00047000)     _Emif1Regs

00047800    11e0 (00047800)     _Emif2Regs

00050000    1400 (00050000)     _IpcRegs
00050024    1400 (00050000)     _FlashPumpSemaphoreRegs

0005d000    1740 (0005d000)     _DevCfgRegs

0005d180    1746 (0005d180)     _AnalogSubsysRegs

0005d200    1748 (0005d200)     _ClkCfgRegs

0005d300    174c (0005d300)     _CpuSysRegs

0005e608    1798 (0005e600)     _RomPrefetchRegs

0005f000    17c0 (0005f000)     _DcsmZ1Regs

0005f040    17c1 (0005f040)     _DcsmZ2Regs
0005f070    17c1 (0005f040)     _DcsmCommonRegs

0005f400    17d0 (0005f400)     _MemCfgRegs

0005f480    17d2 (0005f480)     _Emif1ConfigRegs
0005f4a0    17d2 (0005f480)     _Emif2ConfigRegs

0005f4c0    17d3 (0005f4c0)     _AccessProtectionRegs

0005f500    17d4 (0005f500)     _MemoryErrorRegs

0005f540    17d5 (0005f540)     _RomWaitStateRegs

0005f800    17e0 (0005f800)     _Flash0CtrlRegs

0005fb00    17ec (0005fb00)     _Flash0EccRegs

00078000    1e00 (00078000)     _DcsmZ1Otp

00078200    1e08 (00078200)     _DcsmZ2Otp

0008448c    2112 (00084480)     _PieVectTableInit


GLOBAL SYMBOLS: SORTED ALPHABETICALLY BY Name 

page  address   name                                  
----  -------   ----                                  
0     00082000  .text                                 
0     000840b1  C$$EXIT                               
0     00083de8  FS$$DIV                               
0     00084165  U$$DIV                                
0     0008416a  U$$MOD                                
0     00082598  _A0                                   
0     0008261e  _A1                                   
0     000826d0  _A2                                   
0     000826d6  _A3                                   
1     0000c130  _ACQPS                                
0     00082a99  _ADCA1_ISR                            
0     00082d19  _ADCA2_ISR                            
0     00082d23  _ADCA3_ISR                            
0     00082d2d  _ADCA4_ISR                            
0     00082d0f  _ADCA_EVT_ISR                         
0     00082aa3  _ADCB1_ISR                            
0     00082d41  _ADCB2_ISR                            
0     00082d4b  _ADCB3_ISR                            
0     00082d55  _ADCB4_ISR                            
0     00082d37  _ADCB_EVT_ISR                         
0     00082aad  _ADCC1_ISR                            
0     00082ea9  _ADCC2_ISR                            
0     00082eb3  _ADCC3_ISR                            
0     00082ebd  _ADCC4_ISR                            
0     00082e9f  _ADCC_EVT_ISR                         
0     00082acb  _ADCD1_ISR                            
0     00082ed1  _ADCD2_ISR                            
0     00082edb  _ADCD3_ISR                            
0     00082ee5  _ADCD4_ISR                            
0     00082ec7  _ADCD_EVT_ISR                         
0     00082f21  _AUX_PLL_SLIP_ISR                     
1     0000c018  _A_Task_Ptr                           
1     0005f4c0  _AccessProtectionRegs                 
1     00007400  _AdcaRegs                             
1     00000b00  _AdcaResultRegs                       
1     00007480  _AdcbRegs                             
1     00000b20  _AdcbResultRegs                       
1     00007500  _AdccRegs                             
1     00000b40  _AdccResultRegs                       
1     00007580  _AdcdRegs                             
1     00000b60  _AdcdResultRegs                       
1     0000c01a  _Alpha_State_Ptr                      
1     0005d180  _AnalogSubsysRegs                     
0     000835f4  _AuxAuxClkSel                         
0     000835d6  _AuxIntOsc2Sel                        
0     000835e3  _AuxXtalOscSel                        
0     000825b0  _B0                                   
0     000826dc  _B1                                   
0     000826e2  _B2                                   
0     000826e8  _B3                                   
1     0000c030  _B_Task_Ptr                           
1     0000c015  _BackTicker                           
0     000825c5  _C0                                   
0     000826ee  _C1                                   
0     00082700  _C2                                   
0     00082706  _C3                                   
0     00082ce7  _CANA0_ISR                            
0     00082cf1  _CANA1_ISR                            
0     00082cfb  _CANB0_ISR                            
0     00082d05  _CANB1_ISR                            
0     00082d5f  _CLA1_1_ISR                           
0     00082d69  _CLA1_2_ISR                           
0     00082d73  _CLA1_3_ISR                           
0     00082d7d  _CLA1_4_ISR                           
0     00082d87  _CLA1_5_ISR                           
0     00082d91  _CLA1_6_ISR                           
0     00082d9b  _CLA1_7_ISR                           
0     00082da5  _CLA1_8_ISR                           
0     00082f2b  _CLA_OVERFLOW_ISR                     
0     00082f35  _CLA_UNDERFLOW_ISR                    
0     000825da  _CMPSS_DIG_FILTER                     
1     0000c02a  _C_Task_Ptr                           
1     0000c140  _ChSel                                
1     00001400  _Cla1Regs                             
0     00000ce0  _Cla1SoftIntRegs                      
1     00003200  _Clb1DataExchgRegs                    
1     00003000  _Clb1LogicCfgRegs                     
1     00003100  _Clb1LogicCtrlRegs                    
1     00003600  _Clb2DataExchgRegs                    
1     00003400  _Clb2LogicCfgRegs                     
1     00003500  _Clb2LogicCtrlRegs                    
1     00003a00  _Clb3DataExchgRegs                    
1     00003800  _Clb3LogicCfgRegs                     
1     00003900  _Clb3LogicCtrlRegs                    
1     00003e00  _Clb4DataExchgRegs                    
1     00003c00  _Clb4LogicCfgRegs                     
1     00003d00  _Clb4LogicCtrlRegs                    
1     00007a40  _ClbXbarRegs                          
1     0005d200  _ClkCfgRegs                           
1     00005c80  _Cmpss1Regs                           
1     00005ca0  _Cmpss2Regs                           
1     00005cc0  _Cmpss3Regs                           
1     00005ce0  _Cmpss4Regs                           
1     00005d00  _Cmpss5Regs                           
1     00005d20  _Cmpss6Regs                           
1     00005d40  _Cmpss7Regs                           
1     00005d60  _Cmpss8Regs                           
0     00082922  _ConfigureADC                         
1     0005d300  _CpuSysRegs                           
1     00000c00  _CpuTimer0Regs                        
1     00000c08  _CpuTimer1Regs                        
1     00000c10  _CpuTimer2Regs                        
0     00083595  _CsmUnlock                            
0     000829ef  _DATALOG_ISR                          
1     0000c480  _DBUFF_4CH1                           
1     0000c2c0  _DBUFF_4CH2                           
1     0000c800  _DBUFF_4CH3                           
1     0000c640  _DBUFF_4CH4                           
0     00083e97  _DLOG_4CH_F_FUNC                      
0     00083e70  _DLOG_4CH_F_init                      
0     00082c33  _DMA_CH1_ISR                          
0     00082c3d  _DMA_CH2_ISR                          
0     00082c47  _DMA_CH3_ISR                          
0     00082c51  _DMA_CH4_ISR                          
0     00082c5b  _DMA_CH5_ISR                          
0     00082c65  _DMA_CH6_ISR                          
1     0000cd04  _DOS_ERROR                            
1     00005c00  _DacaRegs                             
1     00005c10  _DacbRegs                             
1     00005c20  _DaccRegs                             
1     0005f070  _DcsmCommonRegs                       
1     00078000  _DcsmZ1Otp                            
1     0005f000  _DcsmZ1Regs                           
1     00078200  _DcsmZ2Otp                            
1     0005f040  _DcsmZ2Regs                           
1     0005d000  _DevCfgRegs                           
0     00083461  _DisableDog                           
0     00083436  _DisablePeripheralClocks              
1     0000c052  _DlogCh1                              
1     0000c054  _DlogCh2                              
1     0000c050  _DlogCh3                              
1     0000c04c  _DlogCh4                              
1     00007980  _DmaClaSrcSelRegs                     
1     00001000  _DmaRegs                              
0     00082b89  _ECAP1_ISR                            
0     00082b93  _ECAP2_ISR                            
0     00082b9d  _ECAP3_ISR                            
0     00082ba7  _ECAP4_ISR                            
0     00082bb1  _ECAP5_ISR                            
0     00082bbb  _ECAP6_ISR                            
1     00005000  _ECap1Regs                            
1     00005020  _ECap2Regs                            
1     00005040  _ECap3Regs                            
1     00005060  _ECap4Regs                            
1     00005080  _ECap5Regs                            
1     000050a0  _ECap6Regs                            
0     00082eef  _EMIF_ERROR_ISR                       
0     00082f49  _EMPTY_ISR                            
0     00082a03  _EMU_ISR                              
0     00082e45  _EPWM10_ISR                           
0     00082e1d  _EPWM10_TZ_ISR                        
0     00082e4f  _EPWM11_ISR                           
0     00082e27  _EPWM11_TZ_ISR                        
0     00082e59  _EPWM12_ISR                           
0     00082e31  _EPWM12_TZ_ISR                        
0     00082b39  _EPWM1_ISR                            
0     00082ae9  _EPWM1_TZ_ISR                         
0     00082b43  _EPWM2_ISR                            
0     00082af3  _EPWM2_TZ_ISR                         
0     00082b4d  _EPWM3_ISR                            
0     00082afd  _EPWM3_TZ_ISR                         
0     00082b57  _EPWM4_ISR                            
0     00082b07  _EPWM4_TZ_ISR                         
0     00082b61  _EPWM5_ISR                            
0     00082b11  _EPWM5_TZ_ISR                         
0     00082b6b  _EPWM6_ISR                            
0     00082b1b  _EPWM6_TZ_ISR                         
0     00082b75  _EPWM7_ISR                            
0     00082b25  _EPWM7_TZ_ISR                         
0     00082b7f  _EPWM8_ISR                            
0     00082b2f  _EPWM8_TZ_ISR                         
0     00082e3b  _EPWM9_ISR                            
0     00082e13  _EPWM9_TZ_ISR                         
1     00004900  _EPwm10Regs                           
1     00004a00  _EPwm11Regs                           
1     00004b00  _EPwm12Regs                           
1     00004000  _EPwm1Regs                            
1     00004100  _EPwm2Regs                            
1     00004200  _EPwm3Regs                            
1     00004300  _EPwm4Regs                            
1     00004400  _EPwm5Regs                            
1     00004500  _EPwm6Regs                            
1     00004600  _EPwm7Regs                            
1     00004700  _EPwm8Regs                            
1     00004800  _EPwm9Regs                            
1     00007a00  _EPwmXbarRegs                         
0     00082bc5  _EQEP1_ISR                            
0     00082bcf  _EQEP2_ISR                            
0     00082bd9  _EQEP3_ISR                            
1     00005100  _EQep1Regs                            
1     00005140  _EQep2Regs                            
1     00005180  _EQep3Regs                            
1     0005f480  _Emif1ConfigRegs                      
1     00047000  _Emif1Regs                            
1     0005f4a0  _Emif2ConfigRegs                      
1     00047800  _Emif2Regs                            
1     00000d01  _EmuBMode                             
1     00000d00  _EmuKey                               
1     0000c00b  _EnableFlag                           
0     000840f9  _EnableInterrupts                     
1     0000c017  _EnableResolverISR                    
0     00008305  _F28x_usDelay                         
1     0000cdc0  _FIR_COEFF                            
0     00082f03  _FLASH_CORRECTABLE_ERROR_ISR          
0     00082dd7  _FPU_OVERFLOW_ISR                     
0     00082de1  _FPU_UNDERFLOW_ISR                    
1     0005f800  _Flash0CtrlRegs                       
1     0005fb00  _Flash0EccRegs                        
1     00050024  _FlashPumpSemaphoreRegs               
0     000837dd  _GPIO_EnableUnbondedIOPullups         
0     000837b8  _GPIO_EnableUnbondedIOPullupsFor100Pin
0     0008379f  _GPIO_EnableUnbondedIOPullupsFor176Pin
0     000837ed  _GPIO_ReadPin                         
0     0008375b  _GPIO_SetupLock                       
0     00083689  _GPIO_SetupPinMux                     
0     000836de  _GPIO_SetupPinOptions                 
0     0008377c  _GPIO_SetupXINT1Gpio                  
0     00083783  _GPIO_SetupXINT2Gpio                  
0     0008378a  _GPIO_SetupXINT3Gpio                  
0     00083791  _GPIO_SetupXINT4Gpio                  
0     00083798  _GPIO_SetupXINT5Gpio                  
0     00083801  _GPIO_WritePin                        
1     00007c00  _GpioCtrlRegs                         
1     00007f00  _GpioDataRegs                         
0     00083612  _HALT                                 
0     0008362b  _HIB                                  
1     0000c004  _HLT                                  
0     00082785  _HVDMC_Protection                     
0     00082c79  _I2CA_FIFO_ISR                        
0     00082c6f  _I2CA_ISR                             
0     00082c8d  _I2CB_FIFO_ISR                        
0     00082c83  _I2CB_ISR                             
1     00007300  _I2caRegs                             
1     00007340  _I2cbRegs                             
0     000835fe  _IDLE                                 
0     00082a17  _ILLEGAL_ISR                          
0     00082deb  _IPC0_ISR                             
0     00082df5  _IPC1_ISR                             
0     00082dff  _IPC2_ISR                             
0     00082e09  _IPC3_ISR                             
1     0000c040  _IdRef                                
1     0000c046  _IdRef_run                            
1     0000c048  _IdRef_start                          
0     00083500  _InitAuxPll                           
0     00083ac8  _InitEPwm10Gpio                       
0     00083ae5  _InitEPwm11Gpio                       
0     00083b03  _InitEPwm12Gpio                       
0     000839f4  _InitEPwm1Gpio                        
0     00083a0a  _InitEPwm2Gpio                        
0     00083a20  _InitEPwm3Gpio                        
0     00083a38  _InitEPwm4Gpio                        
0     00083a50  _InitEPwm5Gpio                        
0     00083a66  _InitEPwm6Gpio                        
0     00083a7c  _InitEPwm7Gpio                        
0     00083a94  _InitEPwm8Gpio                        
0     00083aac  _InitEPwm9Gpio                        
0     000839db  _InitEPwmGpio                         
0     000082d9  _InitFlash                            
0     0008364e  _InitGpio                             
0     0008338d  _InitPeripheralClocks                 
0     000840da  _InitPieCtrl                          
0     00084153  _InitPieVectTable                     
0     0008334a  _InitSysCtrl                          
0     0008346e  _InitSysPll                           
1     00007900  _InputXbarRegs                        
1     00050000  _IpcRegs                              
1     0000c03c  _IqRef                                
1     0000c024  _IsrTicker                            
1     0000c028  _K1                                   
1     0000c034  _K2                                   
1     0000c00f  _LEM_curHi                            
1     0000c012  _LEM_curLo                            
1     0000c009  _LLT                                  
1     0000cd1a  _LOS_ERROR                            
1     0000c013  _LedCnt1                              
0     00082c0b  _MCBSPA_RX_ISR                        
0     00082c15  _MCBSPA_TX_ISR                        
0     00082c1f  _MCBSPB_RX_ISR                        
0     00082c29  _MCBSPB_TX_ISR                        
1     00006000  _McbspaRegs                           
1     00006040  _McbspbRegs                           
1     0005f400  _MemCfgRegs                           
1     0005f500  _MemoryErrorRegs                      
0     00008000  _MotorControlISR                      
0     00082a0d  _NMI_ISR                              
0     00082f56  _NOTUSED_ISR                          
1     00007060  _NmiIntruptRegs                       
1     0000c001  _OffsetCalCounter                     
1     00007a80  _OutputXbarRegs                       
0     00082f3f  _PIE_RESERVED_ISR                     
1     0000cd18  _PLL_ERROR                            
0     000828d2  _PWM_1ch_UpCnt_CNF                    
0     00082880  _PWM_1ch_UpDwnCnt_CNF                 
1     00000ce0  _PieCtrlRegs                          
1     00000d00  _PieVectTable                         
0     0008448c  _PieVectTableInit                     
0     00082f0d  _RAM_ACCESS_VIOLATION_ISR             
0     00082ef9  _RAM_CORRECTABLE_ERROR_ISR            
0     000829f9  _RTOS_ISR                             
0     0008448c  _RamfuncsLoadEnd                      
abs   00000309  _RamfuncsLoadSize                     
0     00084183  _RamfuncsLoadStart                    
0     00008000  _RamfuncsRunStart                     
0     00083d5e  _ResolverISR                          
1     0005e608  _RomPrefetchRegs                      
1     0005f540  _RomWaitStateRegs                     
1     0000c002  _RunMotor                             
1     0000c014  _Run_Delay                            
0     00082cbf  _SCIA_RX_ISR                          
0     00082cc9  _SCIA_TX_ISR                          
0     00082cd3  _SCIB_RX_ISR                          
0     00082cdd  _SCIB_TX_ISR                          
0     00082c97  _SCIC_RX_ISR                          
0     00082ca1  _SCIC_TX_ISR                          
0     00082cab  _SCID_RX_ISR                          
0     00082cb5  _SCID_TX_ISR                          
0     00082e63  _SD1_ISR                              
0     00082e6d  _SD2_ISR                              
1     0000c064  _SDFM                                 
0     0008330b  _SDFM_disableMFE                      
1     0000c011  _SHUNT_curHi                          
1     0000c00c  _SHUNT_curLo                          
1     0000cd40  _SINE_TABLE                           
0     00082be3  _SPIA_RX_ISR                          
0     00082bed  _SPIA_TX_ISR                          
0     00082bf7  _SPIB_RX_ISR                          
0     00082c01  _SPIB_TX_ISR                          
0     00082e77  _SPIC_RX_ISR                          
0     00082e81  _SPIC_TX_ISR                          
0     00083607  _STANDBY                              
1     0000c036  _SVGenMacroCount_LEVEL1               
0     00082f17  _SYS_PLL_SLIP_ISR                     
1     00007200  _SciaRegs                             
1     00007210  _ScibRegs                             
1     00007220  _ScicRegs                             
1     00007230  _ScidRegs                             
1     00005e00  _Sdfm1Regs                            
1     00005e80  _Sdfm2Regs                            
0     0008333f  _Sdfm_clearFlagRegister               
0     00082faf  _Sdfm_configureComparator             
0     000830c0  _Sdfm_configureData_filter            
0     000832c9  _Sdfm_configureExternalreset          
0     00082f60  _Sdfm_configureInputCtrl              
0     00083201  _Sdfm_configureInterrupt              
0     00083327  _Sdfm_disableMIE                      
0     000832fd  _Sdfm_enableMFE                       
0     00083319  _Sdfm_enableMIE                       
0     00083335  _Sdfm_readFlagRegister                
1     0000c006  _SerialCommsTimer                     
0     00083453  _ServiceDog                           
1     0000c003  _SpeedLoopCount                       
1     0000c016  _SpeedLoopPrescaler                   
1     0000c03a  _SpeedRef                             
1     00006100  _SpiaRegs                             
1     00006110  _SpibRegs                             
1     00006120  _SpicRegs                             
1     00007940  _SyncSocRegs                          
0     000835b6  _SysIntOsc1Sel                        
0     000835c0  _SysIntOsc2Sel                        
0     000835ca  _SysXtalOscSel                        
1     0000c042  _T                                    
0     00082ad5  _TIMER0_ISR                           
0     000829db  _TIMER1_ISR                           
0     000829e5  _TIMER2_ISR                           
1     0000c120  _TrigSel                              
1     0000c005  _TripFlagDMC                          
0     00082e8b  _UPPA_ISR                             
0     00082e95  _USBA_ISR                             
0     00082a7b  _USER10_ISR                           
0     00082a85  _USER11_ISR                           
0     00082a8f  _USER12_ISR                           
0     00082a21  _USER1_ISR                            
0     00082a2b  _USER2_ISR                            
0     00082a35  _USER3_ISR                            
0     00082a3f  _USER4_ISR                            
0     00082a49  _USER5_ISR                            
0     00082a53  _USER6_ISR                            
0     00082a5d  _USER7_ISR                            
0     00082a67  _USER8_ISR                            
0     00082a71  _USER9_ISR                            
1     00006200  _UppRegs                              
0     00082dcd  _VCU_ISR                              
1     0000c060  _VTimer0                              
1     0000c058  _VTimer1                              
1     0000c05c  _VTimer2                              
1     0000c04e  _VdTesting                            
1     0000c03e  _VqTesting                            
0     00082adf  _WAKE_ISR                             
1     00007000  _WdRegs                               
0     00082ab7  _XINT1_ISR                            
0     00082ac1  _XINT2_ISR                            
0     00082daf  _XINT3_ISR                            
0     00082db9  _XINT4_ISR                            
0     00082dc3  _XINT5_ISR                            
1     00007920  _XbarRegs                             
1     00007070  _XintRegs                             
1     00009b00  __STACK_END                           
abs   00000300  __STACK_SIZE                          
1     0000c9a4  ___TI_cleanup_ptr                     
1     0000c9a6  ___TI_dtors_ptr                       
1     0000c9a2  ___TI_enable_exit_profile_output      
abs   ffffffff  ___TI_pprof_out_hndl                  
abs   ffffffff  ___TI_prof_data_size                  
abs   ffffffff  ___TI_prof_data_start                 
abs   ffffffff  ___binit__                            
abs   ffffffff  ___c_args__                           
0     00080002  ___cinit__                            
0     00084183  ___etext__                            
abs   ffffffff  ___pinit__                            
0     00082000  ___text__                             
0     0008413a  __args_main                           
1     0000c9a8  __lock                                
0     00084178  __nop                                 
0     00084174  __register_lock                       
0     00084170  __register_unlock                     
1     00009800  __stack                               
0     00083ef7  __system_post_cinit                   
0     00084181  __system_pre_init                     
1     0000c9aa  __unlock                              
0     000840b1  _abort                                
1     0000c02c  _adc_cal                              
1     0000c04a  _alignCnt                             
1     0000cd14  _angleErrMax                          
0     00083bf8  _atan                                 
0     00083b24  _atan2                                
0     00083b24  _atan2f                               
0     00083bf8  _atanf                                
0     00083cc1  _baseParamsInit                       
1     0000c100  _biss1                                
1     0000cc00  _bissCRCtableSCD                      
1     0000cb80  _bissc_data_struct                    
0     0008401f  _bissc_spiRxFifoIsr                   
0     00083f79  _c_int00                              
1     0000c070  _clarke1                              
1     0000c000  _clearTripFlagDMC                     
1     0000c00d  _clkPrescale                          
0     0008270c  _cmpssConfig                          
1     0000c02e  _cntr                                 
1     0000c044  _cntr1                                
1     0000c992  _coeff                                
1     0000c99c  _coeff16                              
0     0008406b  _copy_in                              
1     0000c994  _cosFIR                               
1     0000c9c1  _crc5_result                          
1     0000c026  _curLimit                             
1     0000c150  _current_sensor                       
0     00084120  _ddcopy                               
0     00083cf3  _derivParamsCal                       
1     0000c218  _dlog_4ch1                            
1     0000cd26  _dos                                  
1     0000cd1c  _dosLimit                             
0     00084120  _dpcopy                               
1     0000c240  _ePWM                                 
1     0000c06a  _eQEP                                 
1     0000c110  _endat1                               
1     0000ca80  _endat22CRCtable                      
1     0000ca00  _endat22Data                          
1     0000cd2a  _errorFc                              
1     0000c9a0  _errorOld                             
0     000840b3  _exit                                 
1     0000cd28  _firCoeff                             
1     0000c990  _firIndex                             
0     00083ef8  _getCRC16P1_vcu                       
0     00083f39  _getCRC16P2_vcu                       
0     000839aa  _init_resolver_Float                  
1     0000c0a4  _ipark1                               
1     0000cd12  _losLimit                             
1     0000c00a  _lsw                                  
0     00082001  _main                                 
0     00084102  _memcpy                               
1     0000c998  _nextCos16                            
1     0000c996  _nextSin16                            
1     0000cd1e  _offsetFc                             
1     0000cd20  _offsetWfT                            
1     0000c032  _offset_Rcos                          
1     0000c038  _offset_Rsin                          
1     0000c01c  _offset_SDFM1                         
1     0000c01e  _offset_SDFM2                         
1     0000c020  _offset_lemV                          
1     0000c022  _offset_lemW                          
1     0000c0b2  _park1                                
0     00084120  _pdcopy                               
1     0000c1d8  _pi_id                                
1     0000c1c0  _pi_iq                                
1     0000c200  _pi_pos                               
1     0000cd0a  _piconFz                              
1     0000c25a  _pid_pos                              
1     0000c280  _pid_spd                              
1     0000c0e0  _posArray                             
1     0000c08c  _posEncElecTheta                      
1     0000c080  _posEncMechTheta                      
0     00082000  _posEncoderSuite                      
1     0000c056  _posSlewRate                          
0     00084120  _ppcopy                               
[...]
0     000830c0  _Sdfm_configureData_filter            
0     00083201  _Sdfm_configureInterrupt              
0     000832c9  _Sdfm_configureExternalreset          
0     000832fd  _Sdfm_enableMFE                       
0     0008330b  _SDFM_disableMFE                      
0     00083319  _Sdfm_enableMIE                       
0     00083327  _Sdfm_disableMIE                      
0     00083335  _Sdfm_readFlagRegister                
0     0008333f  _Sdfm_clearFlagRegister               
0     0008334a  _InitSysCtrl                          
0     0008338d  _InitPeripheralClocks                 
0     00083436  _DisablePeripheralClocks              
0     00083453  _ServiceDog                           
0     00083461  _DisableDog                           
0     0008346e  _InitSysPll                           
0     00083500  _InitAuxPll                           
0     00083595  _CsmUnlock                            
0     000835b6  _SysIntOsc1Sel                        
0     000835c0  _SysIntOsc2Sel                        
0     000835ca  _SysXtalOscSel                        
0     000835d6  _AuxIntOsc2Sel                        
0     000835e3  _AuxXtalOscSel                        
0     000835f4  _AuxAuxClkSel                         
0     000835fe  _IDLE                                 
0     00083607  _STANDBY                              
0     00083612  _HALT                                 
0     0008362b  _HIB                                  
0     0008364e  _InitGpio                             
0     00083689  _GPIO_SetupPinMux                     
0     000836de  _GPIO_SetupPinOptions                 
0     0008375b  _GPIO_SetupLock                       
0     0008377c  _GPIO_SetupXINT1Gpio                  
0     00083783  _GPIO_SetupXINT2Gpio                  
0     0008378a  _GPIO_SetupXINT3Gpio                  
0     00083791  _GPIO_SetupXINT4Gpio                  
0     00083798  _GPIO_SetupXINT5Gpio                  
0     0008379f  _GPIO_EnableUnbondedIOPullupsFor176Pin
0     000837b8  _GPIO_EnableUnbondedIOPullupsFor100Pin
0     000837dd  _GPIO_EnableUnbondedIOPullups         
0     000837ed  _GPIO_ReadPin                         
0     00083801  _GPIO_WritePin                        
0     0008381b  _resolver_algo_Float                  
0     000839aa  _init_resolver_Float                  
0     000839db  _InitEPwmGpio                         
0     000839f4  _InitEPwm1Gpio                        
0     00083a0a  _InitEPwm2Gpio                        
0     00083a20  _InitEPwm3Gpio                        
0     00083a38  _InitEPwm4Gpio                        
0     00083a50  _InitEPwm5Gpio                        
0     00083a66  _InitEPwm6Gpio                        
0     00083a7c  _InitEPwm7Gpio                        
0     00083a94  _InitEPwm8Gpio                        
0     00083aac  _InitEPwm9Gpio                        
0     00083ac8  _InitEPwm10Gpio                       
0     00083ae5  _InitEPwm11Gpio                       
0     00083b03  _InitEPwm12Gpio                       
0     00083b24  _atan2                                
0     00083b24  _atan2f                               
0     00083bf8  _atan                                 
0     00083bf8  _atanf                                
0     00083cc1  _baseParamsInit                       
0     00083cf3  _derivParamsCal                       
0     00083d1c  _resolver_PostProcess                 
0     00083d5e  _ResolverISR                          
0     00083de8  FS$$DIV                               
0     00083e70  _DLOG_4CH_F_init                      
0     00083e97  _DLOG_4CH_F_FUNC                      
0     00083ef7  __system_post_cinit                   
0     00083ef8  _getCRC16P1_vcu                       
0     00083f39  _getCRC16P2_vcu                       
0     00083f79  _c_int00                              
0     00083fcf  _spiRxFifoIsr                         
0     0008401f  _bissc_spiRxFifoIsr                   
0     0008406b  _copy_in                              
0     000840b1  C$$EXIT                               
0     000840b1  _abort                                
0     000840b3  _exit                                 
0     000840da  _InitPieCtrl                          
0     000840f9  _EnableInterrupts                     
0     00084102  _memcpy                               
0     00084120  _ddcopy                               
0     00084120  _dpcopy                               
0     00084120  _pdcopy                               
0     00084120  _ppcopy                               
0     0008413a  __args_main                           
0     00084153  _InitPieVectTable                     
0     00084165  U$$DIV                                
0     0008416a  U$$MOD                                
0     00084170  __register_unlock                     
0     00084174  __register_lock                       
0     00084178  __nop                                 
0     00084181  __system_pre_init                     
0     00084183  _RamfuncsLoadStart                    
0     00084183  ___etext__                            
0     00084183  etext                                 
0     0008448c  _PieVectTableInit                     
0     0008448c  _RamfuncsLoadEnd                      
1     00000b00  _AdcaResultRegs                       
1     00000b20  _AdcbResultRegs                       
1     00000b40  _AdccResultRegs                       
1     00000b60  _AdcdResultRegs                       
1     00000c00  _CpuTimer0Regs                        
1     00000c08  _CpuTimer1Regs                        
1     00000c10  _CpuTimer2Regs                        
1     00000ce0  _PieCtrlRegs                          
1     00000d00  _EmuKey                               
1     00000d00  _PieVectTable                         
1     00000d01  _EmuBMode                             
1     00001000  _DmaRegs                              
1     00001400  _Cla1Regs                             
1     00003000  _Clb1LogicCfgRegs                     
1     00003100  _Clb1LogicCtrlRegs                    
1     00003200  _Clb1DataExchgRegs                    
1     00003400  _Clb2LogicCfgRegs                     
1     00003500  _Clb2LogicCtrlRegs                    
1     00003600  _Clb2DataExchgRegs                    
1     00003800  _Clb3LogicCfgRegs                     
1     00003900  _Clb3LogicCtrlRegs                    
1     00003a00  _Clb3DataExchgRegs                    
1     00003c00  _Clb4LogicCfgRegs                     
1     00003d00  _Clb4LogicCtrlRegs                    
1     00003e00  _Clb4DataExchgRegs                    
1     00004000  _EPwm1Regs                            
1     00004100  _EPwm2Regs                            
1     00004200  _EPwm3Regs                            
1     00004300  _EPwm4Regs                            
1     00004400  _EPwm5Regs                            
1     00004500  _EPwm6Regs                            
1     00004600  _EPwm7Regs                            
1     00004700  _EPwm8Regs                            
1     00004800  _EPwm9Regs                            
1     00004900  _EPwm10Regs                           
1     00004a00  _EPwm11Regs                           
1     00004b00  _EPwm12Regs                           
1     00005000  _ECap1Regs                            
1     00005020  _ECap2Regs                            
1     00005040  _ECap3Regs                            
1     00005060  _ECap4Regs                            
1     00005080  _ECap5Regs                            
1     000050a0  _ECap6Regs                            
1     00005100  _EQep1Regs                            
1     00005140  _EQep2Regs                            
1     00005180  _EQep3Regs                            
1     00005c00  _DacaRegs                             
1     00005c10  _DacbRegs                             
1     00005c20  _DaccRegs                             
1     00005c80  _Cmpss1Regs                           
1     00005ca0  _Cmpss2Regs                           
1     00005cc0  _Cmpss3Regs                           
1     00005ce0  _Cmpss4Regs                           
1     00005d00  _Cmpss5Regs                           
1     00005d20  _Cmpss6Regs                           
1     00005d40  _Cmpss7Regs                           
1     00005d60  _Cmpss8Regs                           
1     00005e00  _Sdfm1Regs                            
1     00005e80  _Sdfm2Regs                            
1     00006000  _McbspaRegs                           
1     00006040  _McbspbRegs                           
1     00006100  _SpiaRegs                             
1     00006110  _SpibRegs                             
1     00006120  _SpicRegs                             
1     00006200  _UppRegs                              
1     00007000  _WdRegs                               
1     00007060  _NmiIntruptRegs                       
1     00007070  _XintRegs                             
1     00007200  _SciaRegs                             
1     00007210  _ScibRegs                             
1     00007220  _ScicRegs                             
1     00007230  _ScidRegs                             
1     00007300  _I2caRegs                             
1     00007340  _I2cbRegs                             
1     00007400  _AdcaRegs                             
1     00007480  _AdcbRegs                             
1     00007500  _AdccRegs                             
1     00007580  _AdcdRegs                             
1     00007900  _InputXbarRegs                        
1     00007920  _XbarRegs                             
1     00007940  _SyncSocRegs                          
1     00007980  _DmaClaSrcSelRegs                     
1     00007a00  _EPwmXbarRegs                         
1     00007a40  _ClbXbarRegs                          
1     00007a80  _OutputXbarRegs                       
1     00007c00  _GpioCtrlRegs                         
1     00007f00  _GpioDataRegs                         
1     00009800  __stack                               
1     00009b00  __STACK_END                           
1     0000c000  _clearTripFlagDMC                     
1     0000c001  _OffsetCalCounter                     
1     0000c002  _RunMotor                             
1     0000c003  _SpeedLoopCount                       
1     0000c004  _HLT                                  
1     0000c005  _TripFlagDMC                          
1     0000c006  _SerialCommsTimer                     
1     0000c007  _ptr1                                 
1     0000c008  _ptrMax                               
1     0000c009  _LLT                                  
1     0000c00a  _lsw                                  
1     0000c00b  _EnableFlag                           
1     0000c00c  _SHUNT_curLo                          
1     0000c00d  _clkPrescale                          
1     0000c00e  _sampwin                              
1     0000c00f  _LEM_curHi                            
1     0000c010  _thresh                               
1     0000c011  _SHUNT_curHi                          
1     0000c012  _LEM_curLo                            
1     0000c013  _LedCnt1                              
1     0000c014  _Run_Delay                            
1     0000c015  _BackTicker                           
1     0000c016  _SpeedLoopPrescaler                   
1     0000c017  _EnableResolverISR                    
1     0000c018  _A_Task_Ptr                           
1     0000c01a  _Alpha_State_Ptr                      
1     0000c01c  _offset_SDFM1                         
1     0000c01e  _offset_SDFM2                         
1     0000c020  _offset_lemV                          
1     0000c022  _offset_lemW                          
1     0000c024  _IsrTicker                            
1     0000c026  _curLimit                             
1     0000c028  _K1                                   
1     0000c02a  _C_Task_Ptr                           
1     0000c02c  _adc_cal                              
1     0000c02e  _cntr                                 
1     0000c030  _B_Task_Ptr                           
1     0000c032  _offset_Rcos                          
1     0000c034  _K2                                   
1     0000c036  _SVGenMacroCount_LEVEL1               
1     0000c038  _offset_Rsin                          
1     0000c03a  _SpeedRef                             
1     0000c03c  _IqRef                                
1     0000c03e  _VqTesting                            
1     0000c040  _IdRef                                
1     0000c042  _T                                    
1     0000c044  _cntr1                                
1     0000c046  _IdRef_run                            
1     0000c048  _IdRef_start                          
1     0000c04a  _alignCnt                             
1     0000c04c  _DlogCh4                              
1     0000c04e  _VdTesting                            
1     0000c050  _DlogCh3                              
1     0000c052  _DlogCh1                              
1     0000c054  _DlogCh2                              
1     0000c056  _posSlewRate                          
1     0000c058  _VTimer1                              
1     0000c05c  _VTimer2                              
1     0000c060  _VTimer0                              
1     0000c064  _SDFM                                 
1     0000c06a  _eQEP                                 
1     0000c070  _clarke1                              
1     0000c080  _posEncMechTheta                      
1     0000c08c  _posEncElecTheta                      
1     0000c098  _rg1                                  
1     0000c0a4  _ipark1                               
1     0000c0b2  _park1                                
1     0000c0c0  _rc2                                  
1     0000c0d0  _rc1                                  
1     0000c0e0  _posArray                             
1     0000c0f0  _resolver1                            
1     0000c100  _biss1                                
1     0000c110  _endat1                               
1     0000c120  _TrigSel                              
1     0000c130  _ACQPS                                
1     0000c140  _ChSel                                
1     0000c150  _current_sensor                       
1     0000c162  _svgen1                               
1     0000c180  _qep1                                 
1     0000c192  _speed1                               
1     0000c1a6  _volt1                                
1     0000c1c0  _pi_iq                                
1     0000c1d8  _pi_id                                
1     0000c200  _pi_pos                               
1     0000c218  _dlog_4ch1                            
1     0000c240  _ePWM                                 
1     0000c25a  _pid_pos                              
1     0000c280  _pid_spd                              
1     0000c2c0  _DBUFF_4CH2                           
1     0000c480  _DBUFF_4CH1                           
1     0000c640  _DBUFF_4CH4                           
1     0000c800  _DBUFF_4CH3                           
1     0000c990  _firIndex                             
1     0000c992  _coeff                                
1     0000c994  _cosFIR                               
1     0000c996  _nextSin16                            
1     0000c998  _nextCos16                            
1     0000c99a  _tmp                                  
1     0000c99c  _coeff16                              
1     0000c99e  _sinFIR                               
1     0000c9a0  _errorOld                             
1     0000c9a2  ___TI_enable_exit_profile_output      
1     0000c9a4  ___TI_cleanup_ptr                     
1     0000c9a6  ___TI_dtors_ptr                       
1     0000c9a8  __lock                                
1     0000c9aa  __unlock                              
1     0000c9c0  _retval1                              
1     0000c9c1  _crc5_result                          
1     0000ca00  _endat22Data                          
1     0000ca80  _endat22CRCtable                      
1     0000cb80  _bissc_data_struct                    
1     0000cc00  _bissCRCtableSCD                      
1     0000cd00  _resMagMax                            
1     0000cd02  _resetAll                             
1     0000cd04  _DOS_ERROR                            
1     0000cd06  _resMagMin                            
1     0000cd08  _testCntr                             
1     0000cd0a  _piconFz                              
1     0000cd0c  _testAngleMax                         
1     0000cd0e  _testCntMax                           
1     0000cd10  _skipLosCnt                           
1     0000cd12  _losLimit                             
1     0000cd14  _angleErrMax                          
1     0000cd16  _skipLosPrd                           
1     0000cd18  _PLL_ERROR                            
1     0000cd1a  _LOS_ERROR                            
1     0000cd1c  _dosLimit                             
1     0000cd1e  _offsetFc                             
1     0000cd20  _offsetWfT                            
1     0000cd22  _sineTable                            
1     0000cd24  _rslvrKp                              
1     0000cd26  _dos                                  
1     0000cd28  _firCoeff                             
1     0000cd2a  _errorFc                              
1     0000cd2c  _rslvrIn                              
1     0000cd40  _SINE_TABLE                           
1     0000cd80  _rslvrOut                             
1     0000cdc0  _FIR_COEFF                            
1     00047000  _Emif1Regs                            
1     00047800  _Emif2Regs                            
1     00050000  _IpcRegs                              
1     00050024  _FlashPumpSemaphoreRegs               
1     0005d000  _DevCfgRegs                           
1     0005d180  _AnalogSubsysRegs                     
1     0005d200  _ClkCfgRegs                           
1     0005d300  _CpuSysRegs                           
1     0005e608  _RomPrefetchRegs                      
1     0005f000  _DcsmZ1Regs                           
1     0005f040  _DcsmZ2Regs                           
1     0005f070  _DcsmCommonRegs                       
1     0005f400  _MemCfgRegs                           
1     0005f480  _Emif1ConfigRegs                      
1     0005f4a0  _Emif2ConfigRegs                      
1     0005f4c0  _AccessProtectionRegs                 
1     0005f500  _MemoryErrorRegs                      
1     0005f540  _RomWaitStateRegs                     
1     0005f800  _Flash0CtrlRegs                       
1     0005fb00  _Flash0EccRegs                        
1     00078000  _DcsmZ1Otp                            
1     00078200  _DcsmZ2Otp                            
abs   00000300  __STACK_SIZE                          
abs   00000309  _RamfuncsLoadSize                     
abs   ffffffff  ___TI_pprof_out_hndl                  
abs   ffffffff  ___TI_prof_data_size                  
abs   ffffffff  ___TI_prof_data_start                 
abs   ffffffff  ___binit__                            
abs   ffffffff  ___c_args__                           
abs   ffffffff  ___pinit__                            
abs   ffffffff  binit                                 
abs   ffffffff  pinit                                 

[532 symbols]
