******************************************************************************
             TMS320C2000 Linker PC v15.12.1                    
******************************************************************************
>> Linked Sun Feb 26 22:53:35 2017

OUTPUT FILE NAME:   <IDDK_PM_Servo_F2837x-v2.out>
ENTRY POINT SYMBOL: "_c_int00"  address: 0000a02e


MEMORY CONFIGURATION

         name            origin    length      used     unused   attr    fill
----------------------  --------  ---------  --------  --------  ----  --------
PAGE 0:
  BEGIN                 00000000   00000002  00000002  00000000  RWIX
  RAMM0                 00000002   000003fe  000003fc  00000002  RWIX
  RAMLS0LS1LS2LS3LS4LS5 00008000   00003000  0000220d  00000df3  RWIX
  RAMGS456789           00010000   00006000  00000000  00006000  RWIX
  RESET                 003fffc0   00000002  00000000  00000002  RWIX

PAGE 1:
  BOOT_RSVD             00000002   0000004e  00000000  0000004e  RWIX
  RAMM1                 00000400   00000400  00000380  00000080  RWIX
  ADCA_RESULT           00000b00   00000020  00000018  00000008  RWIX
  ADCB_RESULT           00000b20   00000020  00000018  00000008  RWIX
  ADCC_RESULT           00000b40   00000020  00000018  00000008  RWIX
  ADCD_RESULT           00000b60   00000020  00000018  00000008  RWIX
  CPU_TIMER0            00000c00   00000008  00000008  00000000  RWIX
  CPU_TIMER1            00000c08   00000008  00000008  00000000  RWIX
  CPU_TIMER2            00000c10   00000008  00000008  00000000  RWIX
  PIE_CTRL              00000ce0   00000020  0000001a  00000006  RWIX
  PIE_VECT              00000d00   00000200  000001c0  00000040  RWIX
  DMA                   00001000   00000200  000000e0  00000120  RWIX
  CLA1                  00001400   00000040  0000003e  00000002  RWIX
  CLA1_MSGRAMLOW        00001480   00000080  00000000  00000080  RWIX
  CLA1_MSGRAMHIGH       00001500   00000080  00000000  00000080  RWIX
  CLB1_LOGICCFG         00003000   00000040  00000040  00000000  RWIX
  CLB1_LOGICCTL         00003100   00000040  00000040  00000000  RWIX
  CLB1_DATAXCHG         00003200   00000200  00000200  00000000  RWIX
  CLB2_LOGICCFG         00003400   00000040  00000040  00000000  RWIX
  CLB2_LOGICCTL         00003500   00000040  00000040  00000000  RWIX
  CLB2_DATAXCHG         00003600   00000200  00000200  00000000  RWIX
  CLB3_LOGICCFG         00003800   00000040  00000040  00000000  RWIX
  CLB3_LOGICCTL         00003900   00000040  00000040  00000000  RWIX
  CLB3_DATAXCHG         00003a00   00000200  00000200  00000000  RWIX
  CLB4_LOGICCFG         00003c00   00000040  00000040  00000000  RWIX
  CLB4_LOGICCTL         00003d00   00000040  00000040  00000000  RWIX
  CLB4_DATAXCHG         00003e00   00000200  00000200  00000000  RWIX
  EPWM1                 00004000   00000100  00000100  00000000  RWIX
  EPWM2                 00004100   00000100  00000100  00000000  RWIX
  EPWM3                 00004200   00000100  00000100  00000000  RWIX
  EPWM4                 00004300   00000100  00000100  00000000  RWIX
  EPWM5                 00004400   00000100  00000100  00000000  RWIX
  EPWM6                 00004500   00000100  00000100  00000000  RWIX
  EPWM7                 00004600   00000100  00000100  00000000  RWIX
  EPWM8                 00004700   00000100  00000100  00000000  RWIX
  EPWM9                 00004800   00000100  00000100  00000000  RWIX
  EPWM10                00004900   00000100  00000100  00000000  RWIX
  EPWM11                00004a00   00000100  00000100  00000000  RWIX
  EPWM12                00004b00   00000100  00000100  00000000  RWIX
  ECAP1                 00005000   00000020  00000020  00000000  RWIX
  ECAP2                 00005020   00000020  00000020  00000000  RWIX
  ECAP3                 00005040   00000020  00000020  00000000  RWIX
  ECAP4                 00005060   00000020  00000020  00000000  RWIX
  ECAP5                 00005080   00000020  00000020  00000000  RWIX
  ECAP6                 000050a0   00000020  00000020  00000000  RWIX
  EQEP1                 00005100   00000040  00000022  0000001e  RWIX
  EQEP2                 00005140   00000040  00000022  0000001e  RWIX
  EQEP3                 00005180   00000040  00000022  0000001e  RWIX
  DACA                  00005c00   00000010  00000008  00000008  RWIX
  DACB                  00005c10   00000010  00000008  00000008  RWIX
  DACC                  00005c20   00000010  00000008  00000008  RWIX
  CMPSS1                00005c80   00000020  00000020  00000000  RWIX
  CMPSS2                00005ca0   00000020  00000020  00000000  RWIX
  CMPSS3                00005cc0   00000020  00000020  00000000  RWIX
  CMPSS4                00005ce0   00000020  00000020  00000000  RWIX
  CMPSS5                00005d00   00000020  00000020  00000000  RWIX
  CMPSS6                00005d20   00000020  00000020  00000000  RWIX
  CMPSS7                00005d40   00000020  00000020  00000000  RWIX
  CMPSS8                00005d60   00000020  00000020  00000000  RWIX
  SDFM1                 00005e00   00000080  00000080  00000000  RWIX
  SDFM2                 00005e80   00000080  00000080  00000000  RWIX
  MCBSPA                00006000   00000040  00000024  0000001c  RWIX
  MCBSPB                00006040   00000040  00000024  0000001c  RWIX
  SPIA                  00006100   00000010  00000010  00000000  RWIX
  SPIB                  00006110   00000010  00000010  00000000  RWIX
  SPIC                  00006120   00000010  00000010  00000000  RWIX
  SPID                  00006130   00000010  00000000  00000010  RWIX
  UPP                   00006200   00000100  00000048  000000b8  RWIX
  WD                    00007000   00000040  0000002b  00000015  RWIX
  NMIINTRUPT            00007060   00000010  00000007  00000009  RWIX
  XINT                  00007070   00000010  0000000b  00000005  RWIX
  SCIA                  00007200   00000010  00000010  00000000  RWIX
  SCIB                  00007210   00000010  00000010  00000000  RWIX
  SCIC                  00007220   00000010  00000010  00000000  RWIX
  SCID                  00007230   00000010  00000010  00000000  RWIX
  I2CA                  00007300   00000040  00000022  0000001e  RWIX
  I2CB                  00007340   00000040  00000022  0000001e  RWIX
  ADCA                  00007400   00000080  00000080  00000000  RWIX
  ADCB                  00007480   00000080  00000080  00000000  RWIX
  ADCC                  00007500   00000080  00000080  00000000  RWIX
  ADCD                  00007580   00000080  00000080  00000000  RWIX
  INPUT_XBAR            00007900   00000020  00000020  00000000  RWIX
  XBAR                  00007920   00000020  00000020  00000000  RWIX
  SYNC_SOC              00007940   00000010  00000006  0000000a  RWIX
  DMACLASRCSEL          00007980   00000040  0000001a  00000026  RWIX
  EPWM_XBAR             00007a00   00000040  00000040  00000000  RWIX
  CLB_XBAR              00007a40   00000040  00000040  00000000  RWIX
  OUTPUT_XBAR           00007a80   00000040  00000040  00000000  RWIX
  GPIOCTRL              00007c00   00000180  00000180  00000000  RWIX
  GPIODAT               00007f00   00000030  00000030  00000000  RWIX
  RAMD0D1               0000b000   00001000  00000fa4  0000005c  RWIX
  RAMGS0GS1             0000c000   00002000  00000000  00002000  RWIX
  RAMGS2                0000e000   00001000  00000000  00001000  RWIX
  RAMGS3                0000f000   00001000  00000000  00001000  RWIX
  RAMGS10               00016000   00001000  00000000  00001000  RWIX
  RAMGS11               00017000   00001000  00000000  00001000  RWIX
  RAMGS12               00018000   00001000  00000000  00001000  RWIX
  RAMGS13               00019000   00001000  00000000  00001000  RWIX
  RAMGS14               0001a000   00001000  00000000  00001000  RWIX
  RAMGS15               0001b000   00001000  00000000  00001000  RWIX
  CPU2TOCPU1RAM         0003f800   00000400  00000000  00000400  RWIX
  CPU1TOCPU2RAM         0003fc00   00000400  00000000  00000400  RWIX
  EMIF1                 00047000   00000800  00000070  00000790  RWIX
  EMIF2                 00047800   00000800  00000070  00000790  RWIX
  IPC                   00050000   00000024  00000024  00000000  RWIX
  FLASHPUMPSEMAPHORE    00050024   00000002  00000002  00000000  RWIX
  DEV_CFG               0005d000   00000180  0000012e  00000052  RWIX
  ANALOG_SUBSYS         0005d180   00000080  00000048  00000038  RWIX
  CLK_CFG               0005d200   00000100  00000032  000000ce  RWIX
  CPU_SYS               0005d300   00000100  00000082  0000007e  RWIX
  ROMPREFETCH           0005e608   00000002  00000002  00000000  RWIX
  DCSM_Z1               0005f000   00000030  00000024  0000000c  RWIX
  DCSM_Z2               0005f040   00000030  00000024  0000000c  RWIX
  DCSM_COMMON           0005f070   00000010  00000008  00000008  RWIX
  MEMCFG                0005f400   00000080  00000080  00000000  RWIX
  EMIF1CONFIG           0005f480   00000020  00000020  00000000  RWIX
  EMIF2CONFIG           0005f4a0   00000020  00000020  00000000  RWIX
  ACCESSPROTECTION      0005f4c0   00000040  00000040  00000000  RWIX
  MEMORYERROR           0005f500   00000040  00000040  00000000  RWIX
  ROMWAITSTATE          0005f540   00000002  00000002  00000000  RWIX
  FLASH0_CTRL           0005f800   00000300  00000182  0000017e  RWIX
  FLASH0_ECC            0005fb00   00000040  00000028  00000018  RWIX
  DCSM_Z1_OTP           00078000   00000020  00000020  00000000  RWIX
  DCSM_Z2_OTP           00078200   00000020  00000020  00000000  RWIX


SECTION ALLOCATION MAP

 output                                  attributes/
section   page    origin      length       input sections
--------  ----  ----------  ----------   ----------------
codestart 
*          0    00000000    00000002     
                  00000000    00000002     F2837xD_CodeStartBranch.obj (codestart)

.cinit     0    00000002    0000034d     
                  00000002    0000029b     IDDK_PM_Servo_F2837x.obj (.cinit)
                  0000029d    00000098     resolver.obj (.cinit)
                  00000335    0000000e     rts2800_fpu32.lib : exit.obj (.cinit)
                  00000343    00000005                       : _lock.obj (.cinit:__lock)
                  00000348    00000005                       : _lock.obj (.cinit:__unlock)
                  0000034d    00000002     --HOLE-- [fill = 0]

ramfuncs   0    0000034f    00000004     
                  0000034f    00000004     F2837xD_usDelay.obj (ramfuncs)

.text.1    0    00000354    000000ab     
                  00000354    0000009d     resolver.obj (.text)
                  000003f1    0000000b     rts2800_fpu32.lib : u_div.obj (.text)
                  000003fc    00000002                       : pre_init.obj (.text)
                  000003fe    00000001                       : startup.obj (.text)

.text.2    0    00008000    0000220d     
                  00008000    00000ae9     IDDK_PM_Servo_F2837x.obj (.text)
                  00008ae9    00000585     F2837xD_DefaultISR.obj (.text:retain)
                  0000906e    000003ea     F2837xD_sdfm_drivers.obj (.text)
                  00009458    000002f8     F2837xD_SysCtrl.obj (.text)
                  00009750    0000020e     IDDK_PM_Servo_F2837x.obj (.text:retain)
                  0000995e    000001cf     Resolver_Lib_Float_TMU0.lib : Resolver_Float_Source.obj (.text)
                  00009b2d    000001cd     F2837xD_Gpio.obj (.text)
                  00009cfa    00000149     F2837xD_EPwm.obj (.text)
                  00009e43    0000008a     resolver.obj (.text:retain)
                  00009ecd    00000087     DLOG_4CH_F.obj (.text)
                  00009f54    00000081     c28x_vcu0_library_fpu32.lib : vcu0_crc_16.obj (.text)
                  00009fd5    00000059     rts2800_fpu32.lib : s_floorf.obj (.text)
                  0000a02e    00000056                       : boot.obj (.text)
                  0000a084    00000050     endat.obj (.text:retain)
                  0000a0d4    0000004c     bissc.obj (.text:retain)
                  0000a120    00000046     rts2800_fpu32.lib : cpy_tbl.obj (.text)
                  0000a166    00000029                       : exit.obj (.text)
                  0000a18f    00000028     F2837xD_PieCtrl.obj (.text)
                  0000a1b7    0000001a     rts2800_fpu32.lib : cpy_utils.obj (.text)
                  0000a1d1    00000019                       : args_main.obj (.text)
                  0000a1ea    00000012     F2837xD_PieVect.obj (.text)
                  0000a1fc    00000009     rts2800_fpu32.lib : _lock.obj (.text)
                  0000a205    00000008     F2837xD_CodeStartBranch.obj (.text)

.stack     1    00000400    00000380     UNINITIALIZED
                  00000400    00000380     --HOLE--

AdcaResultFile 
*          1    00000b00    00000018     UNINITIALIZED
                  00000b00    00000018     F2837xD_GlobalVariableDefs.obj (AdcaResultFile)

AdcbResultFile 
*          1    00000b20    00000018     UNINITIALIZED
                  00000b20    00000018     F2837xD_GlobalVariableDefs.obj (AdcbResultFile)

AdccResultFile 
*          1    00000b40    00000018     UNINITIALIZED
                  00000b40    00000018     F2837xD_GlobalVariableDefs.obj (AdccResultFile)

AdcdResultFile 
*          1    00000b60    00000018     UNINITIALIZED
                  00000b60    00000018     F2837xD_GlobalVariableDefs.obj (AdcdResultFile)

CpuTimer0RegsFile 
*          1    00000c00    00000008     UNINITIALIZED
                  00000c00    00000008     F2837xD_GlobalVariableDefs.obj (CpuTimer0RegsFile)

CpuTimer1RegsFile 
*          1    00000c08    00000008     UNINITIALIZED
                  00000c08    00000008     F2837xD_GlobalVariableDefs.obj (CpuTimer1RegsFile)

CpuTimer2RegsFile 
*          1    00000c10    00000008     UNINITIALIZED
                  00000c10    00000008     F2837xD_GlobalVariableDefs.obj (CpuTimer2RegsFile)

PieCtrlRegsFile 
*          1    00000ce0    0000001a     UNINITIALIZED
                  00000ce0    0000001a     F2837xD_GlobalVariableDefs.obj (PieCtrlRegsFile)

PieVectTableFile 
*          1    00000d00    000001c0     UNINITIALIZED
                  00000d00    000001c0     F2837xD_GlobalVariableDefs.obj (PieVectTableFile)

EmuKeyVar 
*          1    00000d00    00000001     UNINITIALIZED
                  00000d00    00000001     F2837xD_GlobalVariableDefs.obj (EmuKeyVar)

EmuBModeVar 
*          1    00000d01    00000001     UNINITIALIZED
                  00000d01    00000001     F2837xD_GlobalVariableDefs.obj (EmuBModeVar)

FlashCallbackVar 
*          1    00000d02    00000000     UNINITIALIZED

FlashScalingVar 
*          1    00000d02    00000000     UNINITIALIZED

DmaRegsFile 
*          1    00001000    000000e0     UNINITIALIZED
                  00001000    000000e0     F2837xD_GlobalVariableDefs.obj (DmaRegsFile)

Cla1RegsFile 
*          1    00001400    0000003e     UNINITIALIZED
                  00001400    0000003e     F2837xD_GlobalVariableDefs.obj (Cla1RegsFile)

Clb1LogicCfgRegsFile 
*          1    00003000    00000040     UNINITIALIZED
                  00003000    00000040     PM_bissC_Lib.lib : F2837xD_GlobalVariableDefs_clb.obj (Clb1LogicCfgRegsFile)

Clb1LogicCtrlRegsFile 
*          1    00003100    00000040     UNINITIALIZED
                  00003100    00000040     PM_bissC_Lib.lib : F2837xD_GlobalVariableDefs_clb.obj (Clb1LogicCtrlRegsFile)

Clb1DataExchgRegsFile 
*          1    00003200    00000200     UNINITIALIZED
                  00003200    00000200     PM_bissC_Lib.lib : F2837xD_GlobalVariableDefs_clb.obj (Clb1DataExchgRegsFile)

Clb2LogicCfgRegsFile 
*          1    00003400    00000040     UNINITIALIZED
                  00003400    00000040     PM_bissC_Lib.lib : F2837xD_GlobalVariableDefs_clb.obj (Clb2LogicCfgRegsFile)

Clb2LogicCtrlRegsFile 
*          1    00003500    00000040     UNINITIALIZED
                  00003500    00000040     PM_bissC_Lib.lib : F2837xD_GlobalVariableDefs_clb.obj (Clb2LogicCtrlRegsFile)

Clb2DataExchgRegsFile 
*          1    00003600    00000200     UNINITIALIZED
                  00003600    00000200     PM_bissC_Lib.lib : F2837xD_GlobalVariableDefs_clb.obj (Clb2DataExchgRegsFile)

Clb3LogicCfgRegsFile 
*          1    00003800    00000040     UNINITIALIZED
                  00003800    00000040     PM_bissC_Lib.lib : F2837xD_GlobalVariableDefs_clb.obj (Clb3LogicCfgRegsFile)

Clb3LogicCtrlRegsFile 
*          1    00003900    00000040     UNINITIALIZED
                  00003900    00000040     PM_bissC_Lib.lib : F2837xD_GlobalVariableDefs_clb.obj (Clb3LogicCtrlRegsFile)

Clb3DataExchgRegsFile 
*          1    00003a00    00000200     UNINITIALIZED
                  00003a00    00000200     PM_bissC_Lib.lib : F2837xD_GlobalVariableDefs_clb.obj (Clb3DataExchgRegsFile)

Clb4LogicCfgRegsFile 
*          1    00003c00    00000040     UNINITIALIZED
                  00003c00    00000040     PM_bissC_Lib.lib : F2837xD_GlobalVariableDefs_clb.obj (Clb4LogicCfgRegsFile)

Clb4LogicCtrlRegsFile 
*          1    00003d00    00000040     UNINITIALIZED
                  00003d00    00000040     PM_bissC_Lib.lib : F2837xD_GlobalVariableDefs_clb.obj (Clb4LogicCtrlRegsFile)

Clb4DataExchgRegsFile 
*          1    00003e00    00000200     UNINITIALIZED
                  00003e00    00000200     PM_bissC_Lib.lib : F2837xD_GlobalVariableDefs_clb.obj (Clb4DataExchgRegsFile)

EPwm1RegsFile 
*          1    00004000    00000100     UNINITIALIZED
                  00004000    00000100     F2837xD_GlobalVariableDefs.obj (EPwm1RegsFile)

EPwm2RegsFile 
*          1    00004100    00000100     UNINITIALIZED
                  00004100    00000100     F2837xD_GlobalVariableDefs.obj (EPwm2RegsFile)

EPwm3RegsFile 
*          1    00004200    00000100     UNINITIALIZED
                  00004200    00000100     F2837xD_GlobalVariableDefs.obj (EPwm3RegsFile)

EPwm4RegsFile 
*          1    00004300    00000100     UNINITIALIZED
                  00004300    00000100     F2837xD_GlobalVariableDefs.obj (EPwm4RegsFile)

EPwm5RegsFile 
*          1    00004400    00000100     UNINITIALIZED
                  00004400    00000100     F2837xD_GlobalVariableDefs.obj (EPwm5RegsFile)

EPwm6RegsFile 
*          1    00004500    00000100     UNINITIALIZED
                  00004500    00000100     F2837xD_GlobalVariableDefs.obj (EPwm6RegsFile)

EPwm7RegsFile 
*          1    00004600    00000100     UNINITIALIZED
                  00004600    00000100     F2837xD_GlobalVariableDefs.obj (EPwm7RegsFile)

EPwm8RegsFile 
*          1    00004700    00000100     UNINITIALIZED
                  00004700    00000100     F2837xD_GlobalVariableDefs.obj (EPwm8RegsFile)

EPwm9RegsFile 
*          1    00004800    00000100     UNINITIALIZED
                  00004800    00000100     F2837xD_GlobalVariableDefs.obj (EPwm9RegsFile)

EPwm10RegsFile 
*          1    00004900    00000100     UNINITIALIZED
                  00004900    00000100     F2837xD_GlobalVariableDefs.obj (EPwm10RegsFile)

EPwm11RegsFile 
*          1    00004a00    00000100     UNINITIALIZED
                  00004a00    00000100     F2837xD_GlobalVariableDefs.obj (EPwm11RegsFile)

EPwm12RegsFile 
*          1    00004b00    00000100     UNINITIALIZED
                  00004b00    00000100     F2837xD_GlobalVariableDefs.obj (EPwm12RegsFile)

ECap1RegsFile 
*          1    00005000    00000020     UNINITIALIZED
                  00005000    00000020     F2837xD_GlobalVariableDefs.obj (ECap1RegsFile)

ECap2RegsFile 
*          1    00005020    00000020     UNINITIALIZED
                  00005020    00000020     F2837xD_GlobalVariableDefs.obj (ECap2RegsFile)

ECap3RegsFile 
*          1    00005040    00000020     UNINITIALIZED
                  00005040    00000020     F2837xD_GlobalVariableDefs.obj (ECap3RegsFile)

ECap4RegsFile 
*          1    00005060    00000020     UNINITIALIZED
                  00005060    00000020     F2837xD_GlobalVariableDefs.obj (ECap4RegsFile)

ECap5RegsFile 
*          1    00005080    00000020     UNINITIALIZED
                  00005080    00000020     F2837xD_GlobalVariableDefs.obj (ECap5RegsFile)

ECap6RegsFile 
*          1    000050a0    00000020     UNINITIALIZED
                  000050a0    00000020     F2837xD_GlobalVariableDefs.obj (ECap6RegsFile)

EQep1RegsFile 
*          1    00005100    00000022     UNINITIALIZED
                  00005100    00000022     F2837xD_GlobalVariableDefs.obj (EQep1RegsFile)

EQep2RegsFile 
*          1    00005140    00000022     UNINITIALIZED
                  00005140    00000022     F2837xD_GlobalVariableDefs.obj (EQep2RegsFile)

EQep3RegsFile 
*          1    00005180    00000022     UNINITIALIZED
                  00005180    00000022     F2837xD_GlobalVariableDefs.obj (EQep3RegsFile)

DacaRegsFile 
*          1    00005c00    00000008     UNINITIALIZED
                  00005c00    00000008     F2837xD_GlobalVariableDefs.obj (DacaRegsFile)

DacbRegsFile 
*          1    00005c10    00000008     UNINITIALIZED
                  00005c10    00000008     F2837xD_GlobalVariableDefs.obj (DacbRegsFile)

DaccRegsFile 
*          1    00005c20    00000008     UNINITIALIZED
                  00005c20    00000008     F2837xD_GlobalVariableDefs.obj (DaccRegsFile)

Cmpss1RegsFile 
*          1    00005c80    00000020     UNINITIALIZED
                  00005c80    00000020     F2837xD_GlobalVariableDefs.obj (Cmpss1RegsFile)

Cmpss2RegsFile 
*          1    00005ca0    00000020     UNINITIALIZED
                  00005ca0    00000020     F2837xD_GlobalVariableDefs.obj (Cmpss2RegsFile)

Cmpss3RegsFile 
*          1    00005cc0    00000020     UNINITIALIZED
                  00005cc0    00000020     F2837xD_GlobalVariableDefs.obj (Cmpss3RegsFile)

Cmpss4RegsFile 
*          1    00005ce0    00000020     UNINITIALIZED
                  00005ce0    00000020     F2837xD_GlobalVariableDefs.obj (Cmpss4RegsFile)

Cmpss5RegsFile 
*          1    00005d00    00000020     UNINITIALIZED
                  00005d00    00000020     F2837xD_GlobalVariableDefs.obj (Cmpss5RegsFile)

Cmpss6RegsFile 
*          1    00005d20    00000020     UNINITIALIZED
                  00005d20    00000020     F2837xD_GlobalVariableDefs.obj (Cmpss6RegsFile)

Cmpss7RegsFile 
*          1    00005d40    00000020     UNINITIALIZED
                  00005d40    00000020     F2837xD_GlobalVariableDefs.obj (Cmpss7RegsFile)

Cmpss8RegsFile 
*          1    00005d60    00000020     UNINITIALIZED
                  00005d60    00000020     F2837xD_GlobalVariableDefs.obj (Cmpss8RegsFile)

Sdfm1RegsFile 
*          1    00005e00    00000080     UNINITIALIZED
                  00005e00    00000080     F2837xD_GlobalVariableDefs.obj (Sdfm1RegsFile)

Sdfm2RegsFile 
*          1    00005e80    00000080     UNINITIALIZED
                  00005e80    00000080     F2837xD_GlobalVariableDefs.obj (Sdfm2RegsFile)

McbspaRegsFile 
*          1    00006000    00000024     UNINITIALIZED
                  00006000    00000024     F2837xD_GlobalVariableDefs.obj (McbspaRegsFile)

McbspbRegsFile 
*          1    00006040    00000024     UNINITIALIZED
                  00006040    00000024     F2837xD_GlobalVariableDefs.obj (McbspbRegsFile)

SpiaRegsFile 
*          1    00006100    00000010     UNINITIALIZED
                  00006100    00000010     F2837xD_GlobalVariableDefs.obj (SpiaRegsFile)

SpibRegsFile 
*          1    00006110    00000010     UNINITIALIZED
                  00006110    00000010     F2837xD_GlobalVariableDefs.obj (SpibRegsFile)

SpicRegsFile 
*          1    00006120    00000010     UNINITIALIZED
                  00006120    00000010     F2837xD_GlobalVariableDefs.obj (SpicRegsFile)

UppRegsFile 
*          1    00006200    00000048     UNINITIALIZED
                  00006200    00000048     F2837xD_GlobalVariableDefs.obj (UppRegsFile)

WdRegsFile 
*          1    00007000    0000002b     UNINITIALIZED
                  00007000    0000002b     F2837xD_GlobalVariableDefs.obj (WdRegsFile)

NmiIntruptRegsFile 
*          1    00007060    00000007     UNINITIALIZED
                  00007060    00000007     F2837xD_GlobalVariableDefs.obj (NmiIntruptRegsFile)

XintRegsFile 
*          1    00007070    0000000b     UNINITIALIZED
                  00007070    0000000b     F2837xD_GlobalVariableDefs.obj (XintRegsFile)

SciaRegsFile 
*          1    00007200    00000010     UNINITIALIZED
                  00007200    00000010     F2837xD_GlobalVariableDefs.obj (SciaRegsFile)

ScibRegsFile 
*          1    00007210    00000010     UNINITIALIZED
                  00007210    00000010     F2837xD_GlobalVariableDefs.obj (ScibRegsFile)

ScicRegsFile 
*          1    00007220    00000010     UNINITIALIZED
                  00007220    00000010     F2837xD_GlobalVariableDefs.obj (ScicRegsFile)

ScidRegsFile 
*          1    00007230    00000010     UNINITIALIZED
                  00007230    00000010     F2837xD_GlobalVariableDefs.obj (ScidRegsFile)

I2caRegsFile 
*          1    00007300    00000022     UNINITIALIZED
                  00007300    00000022     F2837xD_GlobalVariableDefs.obj (I2caRegsFile)

I2cbRegsFile 
*          1    00007340    00000022     UNINITIALIZED
                  00007340    00000022     F2837xD_GlobalVariableDefs.obj (I2cbRegsFile)

AdcaRegsFile 
*          1    00007400    00000080     UNINITIALIZED
                  00007400    00000080     F2837xD_GlobalVariableDefs.obj (AdcaRegsFile)

AdcbRegsFile 
*          1    00007480    00000080     UNINITIALIZED
                  00007480    00000080     F2837xD_GlobalVariableDefs.obj (AdcbRegsFile)

AdccRegsFile 
*          1    00007500    00000080     UNINITIALIZED
                  00007500    00000080     F2837xD_GlobalVariableDefs.obj (AdccRegsFile)

AdcdRegsFile 
*          1    00007580    00000080     UNINITIALIZED
                  00007580    00000080     F2837xD_GlobalVariableDefs.obj (AdcdRegsFile)

InputXbarRegsFile 
*          1    00007900    00000020     UNINITIALIZED
                  00007900    00000020     F2837xD_GlobalVariableDefs.obj (InputXbarRegsFile)

XbarRegsFile 
*          1    00007920    00000020     UNINITIALIZED
                  00007920    00000020     F2837xD_GlobalVariableDefs.obj (XbarRegsFile)

SyncSocRegsFile 
*          1    00007940    00000006     UNINITIALIZED
                  00007940    00000006     F2837xD_GlobalVariableDefs.obj (SyncSocRegsFile)

DmaClaSrcSelRegsFile 
*          1    00007980    0000001a     UNINITIALIZED
                  00007980    0000001a     F2837xD_GlobalVariableDefs.obj (DmaClaSrcSelRegsFile)

EPwmXbarRegsFile 
*          1    00007a00    00000040     UNINITIALIZED
                  00007a00    00000040     F2837xD_GlobalVariableDefs.obj (EPwmXbarRegsFile)

ClbXbarRegsFile 
*          1    00007a40    00000040     UNINITIALIZED
                  00007a40    00000040     PM_bissC_Lib.lib : F2837xD_GlobalVariableDefs_clb.obj (ClbXbarRegsFile)

OutputXbarRegsFile 
*          1    00007a80    00000040     UNINITIALIZED
                  00007a80    00000040     F2837xD_GlobalVariableDefs.obj (OutputXbarRegsFile)

GpioCtrlRegsFile 
*          1    00007c00    00000180     UNINITIALIZED
                  00007c00    00000180     F2837xD_GlobalVariableDefs.obj (GpioCtrlRegsFile)

GpioDataRegsFile 
*          1    00007f00    00000030     UNINITIALIZED
                  00007f00    00000030     F2837xD_GlobalVariableDefs.obj (GpioDataRegsFile)

.ebss      1    0000b000    00000de2     UNINITIALIZED
                  0000b000    00000990     IDDK_PM_Servo_F2837x.obj (.ebss)
                  0000b990    00000012     Resolver_Lib_Float_TMU0.lib : Resolver_Float_Source.obj (.ebss)
                  0000b9a2    00000006     rts2800_fpu32.lib : exit.obj (.ebss)
                  0000b9a8    00000002                       : _lock.obj (.ebss:__lock)
                  0000b9aa    00000002                       : _lock.obj (.ebss:__unlock)
                  0000b9ac    00000014     --HOLE--
                  0000b9c0    000001c0     endat.obj (.ebss)
                  0000bb80    00000180     bissc.obj (.ebss)
                  0000bd00    000000e2     resolver.obj (.ebss)

.econst    1    0000bde2    000001c2     
                  0000bde2    000001c0     F2837xD_PieVect.obj (.econst:_PieVectTableInit)
                  0000bfa2    00000002     rts2800_fpu32.lib : s_floorf.obj (.econst)

Emif1RegsFile 
*          1    00047000    00000070     UNINITIALIZED
                  00047000    00000070     F2837xD_GlobalVariableDefs.obj (Emif1RegsFile)

Emif2RegsFile 
*          1    00047800    00000070     UNINITIALIZED
                  00047800    00000070     F2837xD_GlobalVariableDefs.obj (Emif2RegsFile)

IpcRegsFile 
*          1    00050000    00000024     UNINITIALIZED
                  00050000    00000024     F2837xD_GlobalVariableDefs.obj (IpcRegsFile)

FlashPumpSemaphoreRegsFile 
*          1    00050024    00000002     UNINITIALIZED
                  00050024    00000002     F2837xD_GlobalVariableDefs.obj (FlashPumpSemaphoreRegsFile)

DevCfgRegsFile 
*          1    0005d000    0000012e     UNINITIALIZED
                  0005d000    0000012e     F2837xD_GlobalVariableDefs.obj (DevCfgRegsFile)

AnalogSubsysRegsFile 
*          1    0005d180    00000048     UNINITIALIZED
                  0005d180    00000048     F2837xD_GlobalVariableDefs.obj (AnalogSubsysRegsFile)

Cla1SoftIntRegsFile 
*          1    00000ce0    00000004     DSECT
                  00000ce0    00000004     F2837xD_GlobalVariableDefs.obj (Cla1SoftIntRegsFile)

ClkCfgRegsFile 
*          1    0005d200    00000032     UNINITIALIZED
                  0005d200    00000032     F2837xD_GlobalVariableDefs.obj (ClkCfgRegsFile)

CpuSysRegsFile 
*          1    0005d300    00000082     UNINITIALIZED
                  0005d300    00000082     F2837xD_GlobalVariableDefs.obj (CpuSysRegsFile)

RomPrefetchRegsFile 
*          1    0005e608    00000002     UNINITIALIZED
                  0005e608    00000002     F2837xD_GlobalVariableDefs.obj (RomPrefetchRegsFile)

DcsmZ1RegsFile 
*          1    0005f000    00000024     UNINITIALIZED
                  0005f000    00000024     F2837xD_GlobalVariableDefs.obj (DcsmZ1RegsFile)

DcsmZ2RegsFile 
*          1    0005f040    00000024     UNINITIALIZED
                  0005f040    00000024     F2837xD_GlobalVariableDefs.obj (DcsmZ2RegsFile)

DcsmCommonRegsFile 
*          1    0005f070    00000008     UNINITIALIZED
                  0005f070    00000008     F2837xD_GlobalVariableDefs.obj (DcsmCommonRegsFile)

MemCfgRegsFile 
*          1    0005f400    00000080     UNINITIALIZED
                  0005f400    00000080     F2837xD_GlobalVariableDefs.obj (MemCfgRegsFile)

Emif1ConfigRegsFile 
*          1    0005f480    00000020     UNINITIALIZED
                  0005f480    00000020     F2837xD_GlobalVariableDefs.obj (Emif1ConfigRegsFile)

Emif2ConfigRegsFile 
*          1    0005f4a0    00000020     UNINITIALIZED
                  0005f4a0    00000020     F2837xD_GlobalVariableDefs.obj (Emif2ConfigRegsFile)

AccessProtectionRegsFile 
*          1    0005f4c0    00000040     UNINITIALIZED
                  0005f4c0    00000040     F2837xD_GlobalVariableDefs.obj (AccessProtectionRegsFile)

MemoryErrorRegsFile 
*          1    0005f500    00000040     UNINITIALIZED
                  0005f500    00000040     F2837xD_GlobalVariableDefs.obj (MemoryErrorRegsFile)

RomWaitStateRegsFile 
*          1    0005f540    00000002     UNINITIALIZED
                  0005f540    00000002     F2837xD_GlobalVariableDefs.obj (RomWaitStateRegsFile)

Flash0CtrlRegsFile 
*          1    0005f800    00000182     UNINITIALIZED
                  0005f800    00000182     F2837xD_GlobalVariableDefs.obj (Flash0CtrlRegsFile)

Flash0EccRegsFile 
*          1    0005fb00    00000028     UNINITIALIZED
                  0005fb00    00000028     F2837xD_GlobalVariableDefs.obj (Flash0EccRegsFile)

DcsmZ1OtpFile 
*          1    00078000    00000020     NOLOAD SECTION
                  00078000    00000020     F2837xD_GlobalVariableDefs.obj (DcsmZ1OtpFile)

DcsmZ2OtpFile 
*          1    00078200    00000020     NOLOAD SECTION
                  00078200    00000020     F2837xD_GlobalVariableDefs.obj (DcsmZ2OtpFile)

.pinit     0    00000002    00000000     UNINITIALIZED

.reset     0    003fffc0    00000002     DSECT
                  003fffc0    00000002     rts2800_fpu32.lib : boot.obj (.reset)

GETBUFFER 
*          0    0003f800    00000000     DSECT

GETWRITEIDX 
*          0    0003f800    00000000     DSECT

PUTREADIDX 
*          0    0003f800    00000000     DSECT

MODULE SUMMARY

       Module                               code   ro data   rw data
       ------                               ----   -------   -------
    .\
       F2837xD_GlobalVariableDefs.obj       0      0         8047   
       IDDK_PM_Servo_F2837x.obj             3319   0         3115   
       F2837xD_DefaultISR.obj               1413   0         0      
       F2837xD_sdfm_drivers.obj             1002   0         0      
       F2837xD_SysCtrl.obj                  760    0         0      
       resolver.obj                         295    0         378    
       endat.obj                            80     0         448    
       F2837xD_PieVect.obj                  18     0         448    
       F2837xD_Gpio.obj                     461    0         0      
       bissc.obj                            76     0         384    
       F2837xD_EPwm.obj                     329    0         0      
       DLOG_4CH_F.obj                       135    0         0      
       F2837xD_PieCtrl.obj                  40     0         0      
       F2837xD_CodeStartBranch.obj          10     0         0      
       F2837xD_usDelay.obj                  4      0         0      
    +--+------------------------------------+------+---------+---------+
       Total:                               7942   0         12820  
                                                                    
    C:/ti/ccsv6/tools/compiler/ti-cgt-c2000_15.12.1.LTS/lib/rts2800_fpu32.lib
       u_div.obj                            11     0         0      
    +--+------------------------------------+------+---------+---------+
       Total:                               11     0         0      
                                                                    
    C:/ti/controlSUITE/libs/app_libs/motor_control/libs/resolver/v101/lib/Resolver_Lib_Float_TMU0.lib
       Resolver_Float_Source.obj            463    0         18     
    +--+------------------------------------+------+---------+---------+
       Total:                               463    0         18     
                                                                    
    C:/ti/controlSUITE/libs/app_libs/position_manager/v01_00_00_00/bissc/Float/lib/PM_bissC_Lib.lib
       F2837xD_GlobalVariableDefs_clb.obj   0      0         2624   
    +--+------------------------------------+------+---------+---------+
       Total:                               0      0         2624   
                                                                    
    C:/ti/controlSUITE/libs/dsp/VCU/v2_10_00_00/lib/c28x_vcu0_library_fpu32.lib
       vcu0_crc_16.obj                      129    0         0      
    +--+------------------------------------+------+---------+---------+
       Total:                               129    0         0      
                                                                    
    C:\ti\ccsv6\tools\compiler\ti-cgt-c2000_15.12.1.LTS\lib\rts2800_fpu32.lib
       s_floorf.obj                         89     0         2      
       boot.obj                             86     0         0      
       cpy_tbl.obj                          70     0         0      
       exit.obj                             41     0         20     
       cpy_utils.obj                        26     0         0      
       args_main.obj                        25     0         0      
       _lock.obj                            9      0         14     
       pre_init.obj                         2      0         0      
       startup.obj                          1      0         0      
    +--+------------------------------------+------+---------+---------+
       Total:                               349    0         36     
                                                                    
       Stack:                               0      0         896    
    +--+------------------------------------+------+---------+---------+
       Grand Total:                         8894   0         16394  


GLOBAL DATA SYMBOLS: SORTED BY DATA PAGE

address     data page           name
--------    ----------------    ----
00000400      10 (00000400)     __stack

00000b00      2c (00000b00)     _AdcaResultRegs
00000b20      2c (00000b00)     _AdcbResultRegs

00000b40      2d (00000b40)     _AdccResultRegs
00000b60      2d (00000b40)     _AdcdResultRegs

00000c00      30 (00000c00)     _CpuTimer0Regs
00000c08      30 (00000c00)     _CpuTimer1Regs
00000c10      30 (00000c00)     _CpuTimer2Regs

00000ce0      33 (00000cc0)     _Cla1SoftIntRegs
00000ce0      33 (00000cc0)     _PieCtrlRegs

00000d00      34 (00000d00)     _EmuKey
00000d00      34 (00000d00)     _PieVectTable
00000d01      34 (00000d00)     _EmuBMode

00001000      40 (00001000)     _DmaRegs

00001400      50 (00001400)     _Cla1Regs

00003000      c0 (00003000)     _Clb1LogicCfgRegs

00003100      c4 (00003100)     _Clb1LogicCtrlRegs

00003200      c8 (00003200)     _Clb1DataExchgRegs

00003400      d0 (00003400)     _Clb2LogicCfgRegs

00003500      d4 (00003500)     _Clb2LogicCtrlRegs

00003600      d8 (00003600)     _Clb2DataExchgRegs

00003800      e0 (00003800)     _Clb3LogicCfgRegs

00003900      e4 (00003900)     _Clb3LogicCtrlRegs

00003a00      e8 (00003a00)     _Clb3DataExchgRegs

00003c00      f0 (00003c00)     _Clb4LogicCfgRegs

00003d00      f4 (00003d00)     _Clb4LogicCtrlRegs

00003e00      f8 (00003e00)     _Clb4DataExchgRegs

00004000     100 (00004000)     _EPwm1Regs

00004100     104 (00004100)     _EPwm2Regs

00004200     108 (00004200)     _EPwm3Regs

00004300     10c (00004300)     _EPwm4Regs

00004400     110 (00004400)     _EPwm5Regs

00004500     114 (00004500)     _EPwm6Regs

00004600     118 (00004600)     _EPwm7Regs

00004700     11c (00004700)     _EPwm8Regs

00004800     120 (00004800)     _EPwm9Regs

00004900     124 (00004900)     _EPwm10Regs

00004a00     128 (00004a00)     _EPwm11Regs

00004b00     12c (00004b00)     _EPwm12Regs

00005000     140 (00005000)     _ECap1Regs
00005020     140 (00005000)     _ECap2Regs

00005040     141 (00005040)     _ECap3Regs
00005060     141 (00005040)     _ECap4Regs

00005080     142 (00005080)     _ECap5Regs
000050a0     142 (00005080)     _ECap6Regs

00005100     144 (00005100)     _EQep1Regs

00005140     145 (00005140)     _EQep2Regs

00005180     146 (00005180)     _EQep3Regs

00005c00     170 (00005c00)     _DacaRegs
00005c10     170 (00005c00)     _DacbRegs
00005c20     170 (00005c00)     _DaccRegs

00005c80     172 (00005c80)     _Cmpss1Regs
00005ca0     172 (00005c80)     _Cmpss2Regs

00005cc0     173 (00005cc0)     _Cmpss3Regs
00005ce0     173 (00005cc0)     _Cmpss4Regs

00005d00     174 (00005d00)     _Cmpss5Regs
00005d20     174 (00005d00)     _Cmpss6Regs

00005d40     175 (00005d40)     _Cmpss7Regs
00005d60     175 (00005d40)     _Cmpss8Regs

00005e00     178 (00005e00)     _Sdfm1Regs

00005e80     17a (00005e80)     _Sdfm2Regs

00006000     180 (00006000)     _McbspaRegs

00006040     181 (00006040)     _McbspbRegs

00006100     184 (00006100)     _SpiaRegs
00006110     184 (00006100)     _SpibRegs
00006120     184 (00006100)     _SpicRegs

00006200     188 (00006200)     _UppRegs

00007000     1c0 (00007000)     _WdRegs

00007060     1c1 (00007040)     _NmiIntruptRegs
00007070     1c1 (00007040)     _XintRegs

00007200     1c8 (00007200)     _SciaRegs
00007210     1c8 (00007200)     _ScibRegs
00007220     1c8 (00007200)     _ScicRegs
00007230     1c8 (00007200)     _ScidRegs

00007300     1cc (00007300)     _I2caRegs

00007340     1cd (00007340)     _I2cbRegs

00007400     1d0 (00007400)     _AdcaRegs

00007480     1d2 (00007480)     _AdcbRegs

00007500     1d4 (00007500)     _AdccRegs

00007580     1d6 (00007580)     _AdcdRegs

00007900     1e4 (00007900)     _InputXbarRegs
00007920     1e4 (00007900)     _XbarRegs

00007940     1e5 (00007940)     _SyncSocRegs

00007980     1e6 (00007980)     _DmaClaSrcSelRegs

00007a00     1e8 (00007a00)     _EPwmXbarRegs

00007a40     1e9 (00007a40)     _ClbXbarRegs

00007a80     1ea (00007a80)     _OutputXbarRegs

00007c00     1f0 (00007c00)     _GpioCtrlRegs

00007f00     1fc (00007f00)     _GpioDataRegs

0000b000     2c0 (0000b000)     _SHUNT_curHi
0000b001     2c0 (0000b000)     _LEM_curLo
0000b002     2c0 (0000b000)     _SpeedLoopCount
0000b003     2c0 (0000b000)     _SHUNT_curLo
0000b004     2c0 (0000b000)     _sampwin
0000b005     2c0 (0000b000)     _clkPrescale
0000b006     2c0 (0000b000)     _LEM_curHi
0000b007     2c0 (0000b000)     _thresh
0000b008     2c0 (0000b000)     _SpeedLoopPrescaler
0000b009     2c0 (0000b000)     _TripFlagDMC
0000b00a     2c0 (0000b000)     _clearTripFlagDMC
0000b00b     2c0 (0000b000)     _BackTicker
0000b00c     2c0 (0000b000)     _lsw
0000b00d     2c0 (0000b000)     _Run_Delay
0000b00e     2c0 (0000b000)     _LedCnt1
0000b00f     2c0 (0000b000)     _RunMotor
0000b010     2c0 (0000b000)     _EnableResolverISR
0000b011     2c0 (0000b000)     _EnableFlag
0000b012     2c0 (0000b000)     _HLT
0000b013     2c0 (0000b000)     _ptr1
0000b014     2c0 (0000b000)     _SerialCommsTimer
0000b015     2c0 (0000b000)     _OffsetCalCounter
0000b016     2c0 (0000b000)     _LLT
0000b017     2c0 (0000b000)     _ptrMax
0000b018     2c0 (0000b000)     _offset_Rcos
0000b01a     2c0 (0000b000)     _K1
0000b01c     2c0 (0000b000)     _adc_cal
0000b01e     2c0 (0000b000)     _offset_lemW
0000b020     2c0 (0000b000)     _offset_SDFM2
0000b022     2c0 (0000b000)     _offset_Rsin
0000b024     2c0 (0000b000)     _offset_lemV
0000b026     2c0 (0000b000)     _A_Task_Ptr
0000b028     2c0 (0000b000)     _curLimit
0000b02a     2c0 (0000b000)     _offset_SDFM1
0000b02c     2c0 (0000b000)     _B_Task_Ptr
0000b02e     2c0 (0000b000)     _C_Task_Ptr
0000b030     2c0 (0000b000)     _Alpha_State_Ptr
0000b032     2c0 (0000b000)     _K2
0000b034     2c0 (0000b000)     _DlogCh4
0000b036     2c0 (0000b000)     _DlogCh2
0000b038     2c0 (0000b000)     _DlogCh1
0000b03a     2c0 (0000b000)     _DlogCh3
0000b03c     2c0 (0000b000)     _IdRef
0000b03e     2c0 (0000b000)     _VqTesting

0000b040     2c1 (0000b040)     _SpeedRef
0000b042     2c1 (0000b040)     _T
0000b044     2c1 (0000b040)     _IsrTicker
0000b046     2c1 (0000b040)     _IqRef
0000b048     2c1 (0000b040)     _posSlewRate
0000b04a     2c1 (0000b040)     _IdRef_start
0000b04c     2c1 (0000b040)     _IdRef_run
0000b04e     2c1 (0000b040)     _cntr
0000b050     2c1 (0000b040)     _VdTesting
0000b052     2c1 (0000b040)     _cntr1
0000b054     2c1 (0000b040)     _alignCnt
0000b056     2c1 (0000b040)     _VTimer1
0000b05a     2c1 (0000b040)     _VTimer2
0000b05e     2c1 (0000b040)     _VTimer0
0000b062     2c1 (0000b040)     _SDFM
0000b068     2c1 (0000b040)     _eQEP
0000b06e     2c1 (0000b040)     _clarke1

0000b080     2c2 (0000b080)     _posEncElecTheta
0000b08c     2c2 (0000b080)     _rg1
0000b098     2c2 (0000b080)     _posEncMechTheta
0000b0a4     2c2 (0000b080)     _park1
0000b0b2     2c2 (0000b080)     _ipark1

0000b0c0     2c3 (0000b0c0)     _rc1
0000b0d0     2c3 (0000b0c0)     _rc2
0000b0e0     2c3 (0000b0c0)     _TrigSel
0000b0f0     2c3 (0000b0c0)     _ChSel

0000b100     2c4 (0000b100)     _ACQPS
0000b110     2c4 (0000b100)     _posArray
0000b120     2c4 (0000b100)     _resolver1
0000b130     2c4 (0000b100)     _biss1

0000b140     2c5 (0000b140)     _endat1
0000b150     2c5 (0000b140)     _current_sensor
0000b162     2c5 (0000b140)     _svgen1

0000b180     2c6 (0000b180)     _qep1
0000b192     2c6 (0000b180)     _speed1
0000b1a6     2c6 (0000b180)     _volt1

0000b1c0     2c7 (0000b1c0)     _pi_iq
0000b1d8     2c7 (0000b1c0)     _pi_pos

0000b200     2c8 (0000b200)     _pi_id
0000b218     2c8 (0000b200)     _dlog_4ch1

0000b240     2c9 (0000b240)     _ePWM
0000b25a     2c9 (0000b240)     _pid_pos

0000b280     2ca (0000b280)     _pid_spd

0000b2c0     2cb (0000b2c0)     _DBUFF_4CH2

0000b480     2d2 (0000b480)     _DBUFF_4CH1

0000b640     2d9 (0000b640)     _DBUFF_4CH4

0000b800     2e0 (0000b800)     _DBUFF_4CH3

0000b990     2e6 (0000b980)     _firIndex
0000b992     2e6 (0000b980)     _sinFIR
0000b994     2e6 (0000b980)     _cosFIR
0000b996     2e6 (0000b980)     _tmp
0000b998     2e6 (0000b980)     _nextSin16
0000b99a     2e6 (0000b980)     _nextCos16
0000b99c     2e6 (0000b980)     _coeff
0000b99e     2e6 (0000b980)     _errorOld
0000b9a0     2e6 (0000b980)     _coeff16
0000b9a2     2e6 (0000b980)     ___TI_enable_exit_profile_output
0000b9a4     2e6 (0000b980)     ___TI_cleanup_ptr
0000b9a6     2e6 (0000b980)     ___TI_dtors_ptr
0000b9a8     2e6 (0000b980)     __lock
0000b9aa     2e6 (0000b980)     __unlock

0000b9c0     2e7 (0000b9c0)     _retval1
0000b9c1     2e7 (0000b9c0)     _crc5_result

0000ba00     2e8 (0000ba00)     _endat22Data

0000ba80     2ea (0000ba80)     _endat22CRCtable

0000bb80     2ee (0000bb80)     _bissc_data_struct

0000bc00     2f0 (0000bc00)     _bissCRCtableSCD

0000bd00     2f4 (0000bd00)     _resMagMax
0000bd02     2f4 (0000bd00)     _resetAll
0000bd04     2f4 (0000bd00)     _DOS_ERROR
0000bd06     2f4 (0000bd00)     _resMagMin
0000bd08     2f4 (0000bd00)     _testCntr
0000bd0a     2f4 (0000bd00)     _piconFz
0000bd0c     2f4 (0000bd00)     _testAngleMax
0000bd0e     2f4 (0000bd00)     _testCntMax
0000bd10     2f4 (0000bd00)     _skipLosCnt
0000bd12     2f4 (0000bd00)     _losLimit
0000bd14     2f4 (0000bd00)     _angleErrMax
0000bd16     2f4 (0000bd00)     _skipLosPrd
0000bd18     2f4 (0000bd00)     _PLL_ERROR
0000bd1a     2f4 (0000bd00)     _LOS_ERROR
0000bd1c     2f4 (0000bd00)     _dosLimit
0000bd1e     2f4 (0000bd00)     _offsetFc
0000bd20     2f4 (0000bd00)     _offsetWfT
0000bd22     2f4 (0000bd00)     _sineTable
0000bd24     2f4 (0000bd00)     _rslvrKp
0000bd26     2f4 (0000bd00)     _dos
0000bd28     2f4 (0000bd00)     _firCoeff
0000bd2a     2f4 (0000bd00)     _errorFc
0000bd2c     2f4 (0000bd00)     _rslvrIn

0000bd40     2f5 (0000bd40)     _SINE_TABLE

0000bd80     2f6 (0000bd80)     _rslvrOut

0000bdc0     2f7 (0000bdc0)     _FIR_COEFF
0000bde2     2f7 (0000bdc0)     _PieVectTableInit

00047000    11c0 (00047000)     _Emif1Regs

00047800    11e0 (00047800)     _Emif2Regs

00050000    1400 (00050000)     _IpcRegs
00050024    1400 (00050000)     _FlashPumpSemaphoreRegs

0005d000    1740 (0005d000)     _DevCfgRegs

0005d180    1746 (0005d180)     _AnalogSubsysRegs

0005d200    1748 (0005d200)     _ClkCfgRegs

0005d300    174c (0005d300)     _CpuSysRegs

0005e608    1798 (0005e600)     _RomPrefetchRegs

0005f000    17c0 (0005f000)     _DcsmZ1Regs

0005f040    17c1 (0005f040)     _DcsmZ2Regs
0005f070    17c1 (0005f040)     _DcsmCommonRegs

0005f400    17d0 (0005f400)     _MemCfgRegs

0005f480    17d2 (0005f480)     _Emif1ConfigRegs
0005f4a0    17d2 (0005f480)     _Emif2ConfigRegs

0005f4c0    17d3 (0005f4c0)     _AccessProtectionRegs

0005f500    17d4 (0005f500)     _MemoryErrorRegs

0005f540    17d5 (0005f540)     _RomWaitStateRegs

0005f800    17e0 (0005f800)     _Flash0CtrlRegs

0005fb00    17ec (0005fb00)     _Flash0EccRegs

00078000    1e00 (00078000)     _DcsmZ1Otp

00078200    1e08 (00078200)     _DcsmZ2Otp


GLOBAL SYMBOLS: SORTED ALPHABETICALLY BY Name 

page  address   name                                  
----  -------   ----                                  
abs   ffffffff  .text                                 
0     0000a166  C$$EXIT                               
0     000003f1  U$$DIV                                
0     000003f6  U$$MOD                                
0     00008675  _A0                                   
0     000086fb  _A1                                   
0     000087ae  _A2                                   
0     000087b4  _A3                                   
1     0000b100  _ACQPS                                
0     00008ba7  _ADCA1_ISR                            
0     00008e27  _ADCA2_ISR                            
0     00008e31  _ADCA3_ISR                            
0     00008e3b  _ADCA4_ISR                            
0     00008e1d  _ADCA_EVT_ISR                         
0     00008bb1  _ADCB1_ISR                            
0     00008e4f  _ADCB2_ISR                            
0     00008e59  _ADCB3_ISR                            
0     00008e63  _ADCB4_ISR                            
0     00008e45  _ADCB_EVT_ISR                         
0     00008bbb  _ADCC1_ISR                            
0     00008fb7  _ADCC2_ISR                            
0     00008fc1  _ADCC3_ISR                            
0     00008fcb  _ADCC4_ISR                            
0     00008fad  _ADCC_EVT_ISR                         
0     00008bd9  _ADCD1_ISR                            
0     00008fdf  _ADCD2_ISR                            
0     00008fe9  _ADCD3_ISR                            
0     00008ff3  _ADCD4_ISR                            
0     00008fd5  _ADCD_EVT_ISR                         
0     0000902f  _AUX_PLL_SLIP_ISR                     
1     0000b026  _A_Task_Ptr                           
1     0005f4c0  _AccessProtectionRegs                 
1     00007400  _AdcaRegs                             
1     00000b00  _AdcaResultRegs                       
1     00007480  _AdcbRegs                             
1     00000b20  _AdcbResultRegs                       
1     00007500  _AdccRegs                             
1     00000b40  _AdccResultRegs                       
1     00007580  _AdcdRegs                             
1     00000b60  _AdcdResultRegs                       
1     0000b030  _Alpha_State_Ptr                      
1     0005d180  _AnalogSubsysRegs                     
0     000096f6  _AuxAuxClkSel                         
0     000096d8  _AuxIntOsc2Sel                        
0     000096e5  _AuxXtalOscSel                        
0     0000868d  _B0                                   
0     000087ba  _B1                                   
0     000087c0  _B2                                   
0     000087c6  _B3                                   
1     0000b02c  _B_Task_Ptr                           
1     0000b00b  _BackTicker                           
0     000086a2  _C0                                   
0     000087cc  _C1                                   
0     000087d8  _C2                                   
0     000087de  _C3                                   
0     00008df5  _CANA0_ISR                            
0     00008dff  _CANA1_ISR                            
0     00008e09  _CANB0_ISR                            
0     00008e13  _CANB1_ISR                            
0     00008e6d  _CLA1_1_ISR                           
0     00008e77  _CLA1_2_ISR                           
0     00008e81  _CLA1_3_ISR                           
0     00008e8b  _CLA1_4_ISR                           
0     00008e95  _CLA1_5_ISR                           
0     00008e9f  _CLA1_6_ISR                           
0     00008ea9  _CLA1_7_ISR                           
0     00008eb3  _CLA1_8_ISR                           
0     00009039  _CLA_OVERFLOW_ISR                     
0     00009043  _CLA_UNDERFLOW_ISR                    
0     000086b7  _CMPSS_DIG_FILTER                     
1     0000b02e  _C_Task_Ptr                           
1     0000b0f0  _ChSel                                
1     00001400  _Cla1Regs                             
0     00000ce0  _Cla1SoftIntRegs                      
1     00003200  _Clb1DataExchgRegs                    
1     00003000  _Clb1LogicCfgRegs                     
1     00003100  _Clb1LogicCtrlRegs                    
1     00003600  _Clb2DataExchgRegs                    
1     00003400  _Clb2LogicCfgRegs                     
1     00003500  _Clb2LogicCtrlRegs                    
1     00003a00  _Clb3DataExchgRegs                    
1     00003800  _Clb3LogicCfgRegs                     
1     00003900  _Clb3LogicCtrlRegs                    
1     00003e00  _Clb4DataExchgRegs                    
1     00003c00  _Clb4LogicCfgRegs                     
1     00003d00  _Clb4LogicCtrlRegs                    
1     00007a40  _ClbXbarRegs                          
1     0005d200  _ClkCfgRegs                           
1     00005c80  _Cmpss1Regs                           
1     00005ca0  _Cmpss2Regs                           
1     00005cc0  _Cmpss3Regs                           
1     00005ce0  _Cmpss4Regs                           
1     00005d00  _Cmpss5Regs                           
1     00005d20  _Cmpss6Regs                           
1     00005d40  _Cmpss7Regs                           
1     00005d60  _Cmpss8Regs                           
0     00008a30  _ConfigureADC                         
1     0005d300  _CpuSysRegs                           
1     00000c00  _CpuTimer0Regs                        
1     00000c08  _CpuTimer1Regs                        
1     00000c10  _CpuTimer2Regs                        
0     00009697  _CsmUnlock                            
0     00008afd  _DATALOG_ISR                          
1     0000b480  _DBUFF_4CH1                           
1     0000b2c0  _DBUFF_4CH2                           
1     0000b800  _DBUFF_4CH3                           
1     0000b640  _DBUFF_4CH4                           
0     00009ef4  _DLOG_4CH_F_FUNC                      
0     00009ecd  _DLOG_4CH_F_init                      
0     00008d41  _DMA_CH1_ISR                          
0     00008d4b  _DMA_CH2_ISR                          
0     00008d55  _DMA_CH3_ISR                          
0     00008d5f  _DMA_CH4_ISR                          
0     00008d69  _DMA_CH5_ISR                          
0     00008d73  _DMA_CH6_ISR                          
1     0000bd04  _DOS_ERROR                            
1     00005c00  _DacaRegs                             
1     00005c10  _DacbRegs                             
1     00005c20  _DaccRegs                             
1     0005f070  _DcsmCommonRegs                       
1     00078000  _DcsmZ1Otp                            
1     0005f000  _DcsmZ1Regs                           
1     00078200  _DcsmZ2Otp                            
1     0005f040  _DcsmZ2Regs                           
1     0005d000  _DevCfgRegs                           
0     00009563  _DisableDog                           
0     00009538  _DisablePeripheralClocks              
1     0000b038  _DlogCh1                              
1     0000b036  _DlogCh2                              
1     0000b03a  _DlogCh3                              
1     0000b034  _DlogCh4                              
1     00007980  _DmaClaSrcSelRegs                     
1     00001000  _DmaRegs                              
0     00008c97  _ECAP1_ISR                            
0     00008ca1  _ECAP2_ISR                            
0     00008cab  _ECAP3_ISR                            
0     00008cb5  _ECAP4_ISR                            
0     00008cbf  _ECAP5_ISR                            
0     00008cc9  _ECAP6_ISR                            
1     00005000  _ECap1Regs                            
1     00005020  _ECap2Regs                            
1     00005040  _ECap3Regs                            
1     00005060  _ECap4Regs                            
1     00005080  _ECap5Regs                            
1     000050a0  _ECap6Regs                            
0     00008ffd  _EMIF_ERROR_ISR                       
0     00009057  _EMPTY_ISR                            
0     00008b11  _EMU_ISR                              
0     00008f53  _EPWM10_ISR                           
0     00008f2b  _EPWM10_TZ_ISR                        
0     00008f5d  _EPWM11_ISR                           
0     00008f35  _EPWM11_TZ_ISR                        
0     00008f67  _EPWM12_ISR                           
0     00008f3f  _EPWM12_TZ_ISR                        
0     00008c47  _EPWM1_ISR                            
0     00008bf7  _EPWM1_TZ_ISR                         
0     00008c51  _EPWM2_ISR                            
0     00008c01  _EPWM2_TZ_ISR                         
0     00008c5b  _EPWM3_ISR                            
0     00008c0b  _EPWM3_TZ_ISR                         
0     00008c65  _EPWM4_ISR                            
0     00008c15  _EPWM4_TZ_ISR                         
0     00008c6f  _EPWM5_ISR                            
0     00008c1f  _EPWM5_TZ_ISR                         
0     00008c79  _EPWM6_ISR                            
0     00008c29  _EPWM6_TZ_ISR                         
0     00008c83  _EPWM7_ISR                            
0     00008c33  _EPWM7_TZ_ISR                         
0     00008c8d  _EPWM8_ISR                            
0     00008c3d  _EPWM8_TZ_ISR                         
0     00008f49  _EPWM9_ISR                            
0     00008f21  _EPWM9_TZ_ISR                         
1     00004900  _EPwm10Regs                           
1     00004a00  _EPwm11Regs                           
1     00004b00  _EPwm12Regs                           
1     00004000  _EPwm1Regs                            
1     00004100  _EPwm2Regs                            
1     00004200  _EPwm3Regs                            
1     00004300  _EPwm4Regs                            
1     00004400  _EPwm5Regs                            
1     00004500  _EPwm6Regs                            
1     00004600  _EPwm7Regs                            
1     00004700  _EPwm8Regs                            
1     00004800  _EPwm9Regs                            
1     00007a00  _EPwmXbarRegs                         
0     00008cd3  _EQEP1_ISR                            
0     00008cdd  _EQEP2_ISR                            
0     00008ce7  _EQEP3_ISR                            
1     00005100  _EQep1Regs                            
1     00005140  _EQep2Regs                            
1     00005180  _EQep3Regs                            
1     0005f480  _Emif1ConfigRegs                      
1     00047000  _Emif1Regs                            
1     0005f4a0  _Emif2ConfigRegs                      
1     00047800  _Emif2Regs                            
1     00000d01  _EmuBMode                             
1     00000d00  _EmuKey                               
1     0000b011  _EnableFlag                           
0     0000a1ae  _EnableInterrupts                     
1     0000b010  _EnableResolverISR                    
0     0000034f  _F28x_usDelay                         
1     0000bdc0  _FIR_COEFF                            
0     00009011  _FLASH_CORRECTABLE_ERROR_ISR          
0     00008ee5  _FPU_OVERFLOW_ISR                     
0     00008eef  _FPU_UNDERFLOW_ISR                    
1     0005f800  _Flash0CtrlRegs                       
1     0005fb00  _Flash0EccRegs                        
1     00050024  _FlashPumpSemaphoreRegs               
0     00009cbc  _GPIO_EnableUnbondedIOPullups         
0     00009c97  _GPIO_EnableUnbondedIOPullupsFor100Pin
0     00009c7e  _GPIO_EnableUnbondedIOPullupsFor176Pin
0     00009ccc  _GPIO_ReadPin                         
0     00009c3a  _GPIO_SetupLock                       
0     00009b68  _GPIO_SetupPinMux                     
0     00009bbd  _GPIO_SetupPinOptions                 
0     00009c5b  _GPIO_SetupXINT1Gpio                  
0     00009c62  _GPIO_SetupXINT2Gpio                  
0     00009c69  _GPIO_SetupXINT3Gpio                  
0     00009c70  _GPIO_SetupXINT4Gpio                  
0     00009c77  _GPIO_SetupXINT5Gpio                  
0     00009ce0  _GPIO_WritePin                        
1     00007c00  _GpioCtrlRegs                         
1     00007f00  _GpioDataRegs                         
0     00009714  _HALT                                 
0     0000972d  _HIB                                  
1     0000b012  _HLT                                  
0     0000885f  _HVDMC_Protection                     
0     00008d87  _I2CA_FIFO_ISR                        
0     00008d7d  _I2CA_ISR                             
0     00008d9b  _I2CB_FIFO_ISR                        
0     00008d91  _I2CB_ISR                             
1     00007300  _I2caRegs                             
1     00007340  _I2cbRegs                             
0     00009700  _IDLE                                 
0     00008b25  _ILLEGAL_ISR                          
0     00008ef9  _IPC0_ISR                             
0     00008f03  _IPC1_ISR                             
0     00008f0d  _IPC2_ISR                             
0     00008f17  _IPC3_ISR                             
1     0000b03c  _IdRef                                
1     0000b04c  _IdRef_run                            
1     0000b04a  _IdRef_start                          
0     00009602  _InitAuxPll                           
0     00009de7  _InitEPwm10Gpio                       
0     00009e04  _InitEPwm11Gpio                       
0     00009e22  _InitEPwm12Gpio                       
0     00009d13  _InitEPwm1Gpio                        
0     00009d29  _InitEPwm2Gpio                        
0     00009d3f  _InitEPwm3Gpio                        
0     00009d57  _InitEPwm4Gpio                        
0     00009d6f  _InitEPwm5Gpio                        
0     00009d85  _InitEPwm6Gpio                        
0     00009d9b  _InitEPwm7Gpio                        
0     00009db3  _InitEPwm8Gpio                        
0     00009dcb  _InitEPwm9Gpio                        
0     00009cfa  _InitEPwmGpio                         
0     00009b2d  _InitGpio                             
0     0000948f  _InitPeripheralClocks                 
0     0000a18f  _InitPieCtrl                          
0     0000a1ea  _InitPieVectTable                     
0     00009458  _InitSysCtrl                          
0     00009570  _InitSysPll                           
1     00007900  _InputXbarRegs                        
1     00050000  _IpcRegs                              
1     0000b046  _IqRef                                
1     0000b044  _IsrTicker                            
1     0000b01a  _K1                                   
1     0000b032  _K2                                   
1     0000b006  _LEM_curHi                            
1     0000b001  _LEM_curLo                            
1     0000b016  _LLT                                  
1     0000bd1a  _LOS_ERROR                            
1     0000b00e  _LedCnt1                              
0     00008d19  _MCBSPA_RX_ISR                        
0     00008d23  _MCBSPA_TX_ISR                        
0     00008d2d  _MCBSPB_RX_ISR                        
0     00008d37  _MCBSPB_TX_ISR                        
1     00006000  _McbspaRegs                           
1     00006040  _McbspbRegs                           
1     0005f400  _MemCfgRegs                           
1     0005f500  _MemoryErrorRegs                      
0     00009750  _MotorControlISR                      
0     00008b1b  _NMI_ISR                              
0     00009064  _NOTUSED_ISR                          
1     00007060  _NmiIntruptRegs                       
1     0000b015  _OffsetCalCounter                     
1     00007a80  _OutputXbarRegs                       
0     0000904d  _PIE_RESERVED_ISR                     
1     0000bd18  _PLL_ERROR                            
0     000089e0  _PWM_1ch_UpCnt_CNF                    
0     0000898e  _PWM_1ch_UpDwnCnt_CNF                 
1     00000ce0  _PieCtrlRegs                          
1     00000d00  _PieVectTable                         
1     0000bde2  _PieVectTableInit                     
0     0000901b  _RAM_ACCESS_VIOLATION_ISR             
0     00009007  _RAM_CORRECTABLE_ERROR_ISR            
0     00008b07  _RTOS_ISR                             
0     00009e43  _ResolverISR                          
1     0005e608  _RomPrefetchRegs                      
1     0005f540  _RomWaitStateRegs                     
1     0000b00f  _RunMotor                             
1     0000b00d  _Run_Delay                            
0     00008dcd  _SCIA_RX_ISR                          
0     00008dd7  _SCIA_TX_ISR                          
0     00008de1  _SCIB_RX_ISR                          
0     00008deb  _SCIB_TX_ISR                          
0     00008da5  _SCIC_RX_ISR                          
0     00008daf  _SCIC_TX_ISR                          
0     00008db9  _SCID_RX_ISR                          
0     00008dc3  _SCID_TX_ISR                          
0     00008f71  _SD1_ISR                              
0     00008f7b  _SD2_ISR                              
1     0000b062  _SDFM                                 
0     00009419  _SDFM_disableMFE                      
1     0000b000  _SHUNT_curHi                          
1     0000b003  _SHUNT_curLo                          
1     0000bd40  _SINE_TABLE                           
0     00008cf1  _SPIA_RX_ISR                          
0     00008cfb  _SPIA_TX_ISR                          
0     00008d05  _SPIB_RX_ISR                          
0     00008d0f  _SPIB_TX_ISR                          
0     00008f85  _SPIC_RX_ISR                          
0     00008f8f  _SPIC_TX_ISR                          
0     00009709  _STANDBY                              
0     00009025  _SYS_PLL_SLIP_ISR                     
1     00007200  _SciaRegs                             
1     00007210  _ScibRegs                             
1     00007220  _ScicRegs                             
1     00007230  _ScidRegs                             
1     00005e00  _Sdfm1Regs                            
1     00005e80  _Sdfm2Regs                            
0     0000944d  _Sdfm_clearFlagRegister               
0     000090bd  _Sdfm_configureComparator             
0     000091ce  _Sdfm_configureData_filter            
0     000093d7  _Sdfm_configureExternalreset          
0     0000906e  _Sdfm_configureInputCtrl              
0     0000930f  _Sdfm_configureInterrupt              
0     00009435  _Sdfm_disableMIE                      
0     0000940b  _Sdfm_enableMFE                       
0     00009427  _Sdfm_enableMIE                       
0     00009443  _Sdfm_readFlagRegister                
1     0000b014  _SerialCommsTimer                     
0     00009555  _ServiceDog                           
1     0000b002  _SpeedLoopCount                       
1     0000b008  _SpeedLoopPrescaler                   
1     0000b040  _SpeedRef                             
1     00006100  _SpiaRegs                             
1     00006110  _SpibRegs                             
1     00006120  _SpicRegs                             
1     00007940  _SyncSocRegs                          
0     000096b8  _SysIntOsc1Sel                        
0     000096c2  _SysIntOsc2Sel                        
0     000096cc  _SysXtalOscSel                        
1     0000b042  _T                                    
0     00008be3  _TIMER0_ISR                           
0     00008ae9  _TIMER1_ISR                           
0     00008af3  _TIMER2_ISR                           
1     0000b0e0  _TrigSel                              
1     0000b009  _TripFlagDMC                          
0     00008f99  _UPPA_ISR                             
0     00008fa3  _USBA_ISR                             
0     00008b89  _USER10_ISR                           
0     00008b93  _USER11_ISR                           
0     00008b9d  _USER12_ISR                           
0     00008b2f  _USER1_ISR                            
0     00008b39  _USER2_ISR                            
0     00008b43  _USER3_ISR                            
0     00008b4d  _USER4_ISR                            
0     00008b57  _USER5_ISR                            
0     00008b61  _USER6_ISR                            
0     00008b6b  _USER7_ISR                            
0     00008b75  _USER8_ISR                            
0     00008b7f  _USER9_ISR                            
1     00006200  _UppRegs                              
0     00008edb  _VCU_ISR                              
1     0000b05e  _VTimer0                              
1     0000b056  _VTimer1                              
1     0000b05a  _VTimer2                              
1     0000b050  _VdTesting                            
1     0000b03e  _VqTesting                            
0     00008bed  _WAKE_ISR                             
1     00007000  _WdRegs                               
0     00008bc5  _XINT1_ISR                            
0     00008bcf  _XINT2_ISR                            
0     00008ebd  _XINT3_ISR                            
0     00008ec7  _XINT4_ISR                            
0     00008ed1  _XINT5_ISR                            
1     00007920  _XbarRegs                             
1     00007070  _XintRegs                             
1     00000780  __STACK_END                           
abs   00000380  __STACK_SIZE                          
1     0000b9a4  ___TI_cleanup_ptr                     
1     0000b9a6  ___TI_dtors_ptr                       
1     0000b9a2  ___TI_enable_exit_profile_output      
abs   ffffffff  ___TI_pprof_out_hndl                  
abs   ffffffff  ___TI_prof_data_size                  
abs   ffffffff  ___TI_prof_data_start                 
abs   ffffffff  ___binit__                            
abs   ffffffff  ___c_args__                           
0     00000002  ___cinit__                            
abs   ffffffff  ___etext__                            
abs   ffffffff  ___pinit__                            
abs   ffffffff  ___text__                             
0     0000a1d1  __args_main                           
1     0000b9a8  __lock                                
0     0000a204  __nop                                 
0     0000a200  __register_lock                       
0     0000a1fc  __register_unlock                     
1     00000400  __stack                               
0     000003fe  __system_post_cinit                   
0     000003fc  __system_pre_init                     
1     0000b9aa  __unlock                              
0     0000a166  _abort                                
1     0000b01c  _adc_cal                              
1     0000b054  _alignCnt                             
1     0000bd14  _angleErrMax                          
0     00000354  _baseParamsInit                       
1     0000b130  _biss1                                
1     0000bc00  _bissCRCtableSCD                      
1     0000bb80  _bissc_data_struct                    
0     0000a0d4  _bissc_spiRxFifoIsr                   
0     0000a02e  _c_int00                              
1     0000b06e  _clarke1                              
1     0000b00a  _clearTripFlagDMC                     
1     0000b005  _clkPrescale                          
0     000087e4  _cmpssConfig                          
1     0000b04e  _cntr                                 
1     0000b052  _cntr1                                
1     0000b99c  _coeff                                
1     0000b9a0  _coeff16                              
0     0000a120  _copy_in                              
1     0000b994  _cosFIR                               
1     0000b9c1  _crc5_result                          
1     0000b028  _curLimit                             
1     0000b150  _current_sensor                       
0     0000a1b7  _ddcopy                               
0     00000386  _derivParamsCal                       
1     0000b218  _dlog_4ch1                            
1     0000bd26  _dos                                  
1     0000bd1c  _dosLimit                             
0     0000a1b7  _dpcopy                               
1     0000b240  _ePWM                                 
1     0000b068  _eQEP                                 
1     0000b140  _endat1                               
1     0000ba80  _endat22CRCtable                      
1     0000ba00  _endat22Data                          
1     0000bd2a  _errorFc                              
1     0000b99e  _errorOld                             
0     0000a168  _exit                                 
1     0000bd28  _firCoeff                             
1     0000b990  _firIndex                             
0     00009fd5  _floor                                
0     00009fd5  _floorf                               
0     00009f54  _getCRC16P1_vcu                       
0     00009f95  _getCRC16P2_vcu                       
0     00009afc  _init_resolver_Float                  
1     0000b0b2  _ipark1                               
1     0000bd12  _losLimit                             
1     0000b00c  _lsw                                  
0     000080a7  _main                                 
1     0000b99a  _nextCos16                            
1     0000b998  _nextSin16                            
1     0000bd1e  _offsetFc                             
1     0000bd20  _offsetWfT                            
1     0000b018  _offset_Rcos                          
1     0000b022  _offset_Rsin                          
1     0000b02a  _offset_SDFM1                         
1     0000b020  _offset_SDFM2                         
1     0000b024  _offset_lemV                          
1     0000b01e  _offset_lemW                          
1     0000b0a4  _park1                                
0     0000a1b7  _pdcopy                               
1     0000b200  _pi_id                                
1     0000b1c0  _pi_iq                                
1     0000b1d8  _pi_pos                               
1     0000bd0a  _piconFz                              
1     0000b25a  _pid_pos                              
1     0000b280  _pid_spd                              
1     0000b110  _posArray                             
1     0000b080  _posEncElecTheta                      
1     0000b098  _posEncMechTheta                      
0     00008000  _posEncoderSuite                      
1     0000b048  _posSlewRate                          
0     0000a1b7  _ppcopy                               
1     0000b013  _ptr1                                 
1     0000b017  _ptrMax                               
1     0000b180  _qep1                                 
0     00008a73  _ramper                               
0     00008a8e  _ramper_speed                         
1     0000b0c0  _rc1                                  
1     0000b0d0  _rc2                                  
0     00008aaf  _refPosGen                            
1     0000bd00  _resMagMax                            
1     0000bd06  _resMagMin                            
1     0000bd02  _resetAll                             
1     0000b120  _resolver1                            
0     000003af  _resolver_PostProcess                 
0     0000995e  _resolver_algo_Float                  
1     0000b9c0  _retval1                              
1     0000b08c  _rg1                                  
1     0000bd2c  _rslvrIn                              
1     0000bd24  _rslvrKp                              
1     0000bd80  _rslvrOut                             
1     0000b004  _sampwin                              
1     0000b992  _sinFIR                               
1     0000bd22  _sineTable                            
1     0000bd10  _skipLosCnt                           
1     0000bd16  _skipLosPrd                           
1     0000b192  _speed1                               
0     0000a084  _spiRxFifoIsr                         
1     0000b162  _svgen1                               
1     0000bd0c  _testAngleMax                         
1     0000bd0e  _testCntMax                           
1     0000bd08  _testCntr                             
1     0000b007  _thresh                               
1     0000b996  _tmp                                  
1     0000b1a6  _volt1                                
abs   ffffffff  binit                                 
0     00000002  cinit                                 
0     00000000  code_start                            
abs   ffffffff  etext                                 
abs   ffffffff  pinit                                 


GLOBAL SYMBOLS: SORTED BY Symbol Address 

page  address   name                                  
----  -------   ----                                  
0     00000000  code_start                            
0     00000002  ___cinit__                            
0     00000002  cinit                                 
0     0000034f  _F28x_usDelay                         
0     00000354  _baseParamsInit                       
0     00000386  _derivParamsCal                       
0     000003af  _resolver_PostProcess                 
0     000003f1  U$$DIV                                
0     000003f6  U$$MOD                                
0     000003fc  __system_pre_init                     
0     000003fe  __system_post_cinit                   
0     00000ce0  _Cla1SoftIntRegs                      
0     00008000  _posEncoderSuite                      
0     000080a7  _main                                 
0     00008675  _A0                                   
0     0000868d  _B0                                   
0     000086a2  _C0                                   
0     000086b7  _CMPSS_DIG_FILTER                     
0     000086fb  _A1                                   
0     000087ae  _A2                                   
0     000087b4  _A3                                   
0     000087ba  _B1                                   
0     000087c0  _B2                                   
0     000087c6  _B3                                   
0     000087cc  _C1                                   
0     000087d8  _C2                                   
[...]
0     00009007  _RAM_CORRECTABLE_ERROR_ISR            
0     00009011  _FLASH_CORRECTABLE_ERROR_ISR          
0     0000901b  _RAM_ACCESS_VIOLATION_ISR             
0     00009025  _SYS_PLL_SLIP_ISR                     
0     0000902f  _AUX_PLL_SLIP_ISR                     
0     00009039  _CLA_OVERFLOW_ISR                     
0     00009043  _CLA_UNDERFLOW_ISR                    
0     0000904d  _PIE_RESERVED_ISR                     
0     00009057  _EMPTY_ISR                            
0     00009064  _NOTUSED_ISR                          
0     0000906e  _Sdfm_configureInputCtrl              
0     000090bd  _Sdfm_configureComparator             
0     000091ce  _Sdfm_configureData_filter            
0     0000930f  _Sdfm_configureInterrupt              
0     000093d7  _Sdfm_configureExternalreset          
0     0000940b  _Sdfm_enableMFE                       
0     00009419  _SDFM_disableMFE                      
0     00009427  _Sdfm_enableMIE                       
0     00009435  _Sdfm_disableMIE                      
0     00009443  _Sdfm_readFlagRegister                
0     0000944d  _Sdfm_clearFlagRegister               
0     00009458  _InitSysCtrl                          
0     0000948f  _InitPeripheralClocks                 
0     00009538  _DisablePeripheralClocks              
0     00009555  _ServiceDog                           
0     00009563  _DisableDog                           
0     00009570  _InitSysPll                           
0     00009602  _InitAuxPll                           
0     00009697  _CsmUnlock                            
0     000096b8  _SysIntOsc1Sel                        
0     000096c2  _SysIntOsc2Sel                        
0     000096cc  _SysXtalOscSel                        
0     000096d8  _AuxIntOsc2Sel                        
0     000096e5  _AuxXtalOscSel                        
0     000096f6  _AuxAuxClkSel                         
0     00009700  _IDLE                                 
0     00009709  _STANDBY                              
0     00009714  _HALT                                 
0     0000972d  _HIB                                  
0     00009750  _MotorControlISR                      
0     0000995e  _resolver_algo_Float                  
0     00009afc  _init_resolver_Float                  
0     00009b2d  _InitGpio                             
0     00009b68  _GPIO_SetupPinMux                     
0     00009bbd  _GPIO_SetupPinOptions                 
0     00009c3a  _GPIO_SetupLock                       
0     00009c5b  _GPIO_SetupXINT1Gpio                  
0     00009c62  _GPIO_SetupXINT2Gpio                  
0     00009c69  _GPIO_SetupXINT3Gpio                  
0     00009c70  _GPIO_SetupXINT4Gpio                  
0     00009c77  _GPIO_SetupXINT5Gpio                  
0     00009c7e  _GPIO_EnableUnbondedIOPullupsFor176Pin
0     00009c97  _GPIO_EnableUnbondedIOPullupsFor100Pin
0     00009cbc  _GPIO_EnableUnbondedIOPullups         
0     00009ccc  _GPIO_ReadPin                         
0     00009ce0  _GPIO_WritePin                        
0     00009cfa  _InitEPwmGpio                         
0     00009d13  _InitEPwm1Gpio                        
0     00009d29  _InitEPwm2Gpio                        
0     00009d3f  _InitEPwm3Gpio                        
0     00009d57  _InitEPwm4Gpio                        
0     00009d6f  _InitEPwm5Gpio                        
0     00009d85  _InitEPwm6Gpio                        
0     00009d9b  _InitEPwm7Gpio                        
0     00009db3  _InitEPwm8Gpio                        
0     00009dcb  _InitEPwm9Gpio                        
0     00009de7  _InitEPwm10Gpio                       
0     00009e04  _InitEPwm11Gpio                       
0     00009e22  _InitEPwm12Gpio                       
0     00009e43  _ResolverISR                          
0     00009ecd  _DLOG_4CH_F_init                      
0     00009ef4  _DLOG_4CH_F_FUNC                      
0     00009f54  _getCRC16P1_vcu                       
0     00009f95  _getCRC16P2_vcu                       
0     00009fd5  _floor                                
0     00009fd5  _floorf                               
0     0000a02e  _c_int00                              
0     0000a084  _spiRxFifoIsr                         
0     0000a0d4  _bissc_spiRxFifoIsr                   
0     0000a120  _copy_in                              
0     0000a166  C$$EXIT                               
0     0000a166  _abort                                
0     0000a168  _exit                                 
0     0000a18f  _InitPieCtrl                          
0     0000a1ae  _EnableInterrupts                     
0     0000a1b7  _ddcopy                               
0     0000a1b7  _dpcopy                               
0     0000a1b7  _pdcopy                               
0     0000a1b7  _ppcopy                               
0     0000a1d1  __args_main                           
0     0000a1ea  _InitPieVectTable                     
0     0000a1fc  __register_unlock                     
0     0000a200  __register_lock                       
0     0000a204  __nop                                 
1     00000400  __stack                               
1     00000780  __STACK_END                           
1     00000b00  _AdcaResultRegs                       
1     00000b20  _AdcbResultRegs                       
1     00000b40  _AdccResultRegs                       
1     00000b60  _AdcdResultRegs                       
1     00000c00  _CpuTimer0Regs                        
1     00000c08  _CpuTimer1Regs                        
1     00000c10  _CpuTimer2Regs                        
1     00000ce0  _PieCtrlRegs                          
1     00000d00  _EmuKey                               
1     00000d00  _PieVectTable                         
1     00000d01  _EmuBMode                             
1     00001000  _DmaRegs                              
1     00001400  _Cla1Regs                             
1     00003000  _Clb1LogicCfgRegs                     
1     00003100  _Clb1LogicCtrlRegs                    
1     00003200  _Clb1DataExchgRegs                    
1     00003400  _Clb2LogicCfgRegs                     
1     00003500  _Clb2LogicCtrlRegs                    
1     00003600  _Clb2DataExchgRegs                    
1     00003800  _Clb3LogicCfgRegs                     
1     00003900  _Clb3LogicCtrlRegs                    
1     00003a00  _Clb3DataExchgRegs                    
1     00003c00  _Clb4LogicCfgRegs                     
1     00003d00  _Clb4LogicCtrlRegs                    
1     00003e00  _Clb4DataExchgRegs                    
1     00004000  _EPwm1Regs                            
1     00004100  _EPwm2Regs                            
1     00004200  _EPwm3Regs                            
1     00004300  _EPwm4Regs                            
1     00004400  _EPwm5Regs                            
1     00004500  _EPwm6Regs                            
1     00004600  _EPwm7Regs                            
1     00004700  _EPwm8Regs                            
1     00004800  _EPwm9Regs                            
1     00004900  _EPwm10Regs                           
1     00004a00  _EPwm11Regs                           
1     00004b00  _EPwm12Regs                           
1     00005000  _ECap1Regs                            
1     00005020  _ECap2Regs                            
1     00005040  _ECap3Regs                            
1     00005060  _ECap4Regs                            
1     00005080  _ECap5Regs                            
1     000050a0  _ECap6Regs                            
1     00005100  _EQep1Regs                            
1     00005140  _EQep2Regs                            
1     00005180  _EQep3Regs                            
1     00005c00  _DacaRegs                             
1     00005c10  _DacbRegs                             
1     00005c20  _DaccRegs                             
1     00005c80  _Cmpss1Regs                           
1     00005ca0  _Cmpss2Regs                           
1     00005cc0  _Cmpss3Regs                           
1     00005ce0  _Cmpss4Regs                           
1     00005d00  _Cmpss5Regs                           
1     00005d20  _Cmpss6Regs                           
1     00005d40  _Cmpss7Regs                           
1     00005d60  _Cmpss8Regs                           
1     00005e00  _Sdfm1Regs                            
1     00005e80  _Sdfm2Regs                            
1     00006000  _McbspaRegs                           
1     00006040  _McbspbRegs                           
1     00006100  _SpiaRegs                             
1     00006110  _SpibRegs                             
1     00006120  _SpicRegs                             
1     00006200  _UppRegs                              
1     00007000  _WdRegs                               
1     00007060  _NmiIntruptRegs                       
1     00007070  _XintRegs                             
1     00007200  _SciaRegs                             
1     00007210  _ScibRegs                             
1     00007220  _ScicRegs                             
1     00007230  _ScidRegs                             
1     00007300  _I2caRegs                             
1     00007340  _I2cbRegs                             
1     00007400  _AdcaRegs                             
1     00007480  _AdcbRegs                             
1     00007500  _AdccRegs                             
1     00007580  _AdcdRegs                             
1     00007900  _InputXbarRegs                        
1     00007920  _XbarRegs                             
1     00007940  _SyncSocRegs                          
1     00007980  _DmaClaSrcSelRegs                     
1     00007a00  _EPwmXbarRegs                         
1     00007a40  _ClbXbarRegs                          
1     00007a80  _OutputXbarRegs                       
1     00007c00  _GpioCtrlRegs                         
1     00007f00  _GpioDataRegs                         
1     0000b000  _SHUNT_curHi                          
1     0000b001  _LEM_curLo                            
1     0000b002  _SpeedLoopCount                       
1     0000b003  _SHUNT_curLo                          
1     0000b004  _sampwin                              
1     0000b005  _clkPrescale                          
1     0000b006  _LEM_curHi                            
1     0000b007  _thresh                               
1     0000b008  _SpeedLoopPrescaler                   
1     0000b009  _TripFlagDMC                          
1     0000b00a  _clearTripFlagDMC                     
1     0000b00b  _BackTicker                           
1     0000b00c  _lsw                                  
1     0000b00d  _Run_Delay                            
1     0000b00e  _LedCnt1                              
1     0000b00f  _RunMotor                             
1     0000b010  _EnableResolverISR                    
1     0000b011  _EnableFlag                           
1     0000b012  _HLT                                  
1     0000b013  _ptr1                                 
1     0000b014  _SerialCommsTimer                     
1     0000b015  _OffsetCalCounter                     
1     0000b016  _LLT                                  
1     0000b017  _ptrMax                               
1     0000b018  _offset_Rcos                          
1     0000b01a  _K1                                   
1     0000b01c  _adc_cal                              
1     0000b01e  _offset_lemW                          
1     0000b020  _offset_SDFM2                         
1     0000b022  _offset_Rsin                          
1     0000b024  _offset_lemV                          
1     0000b026  _A_Task_Ptr                           
1     0000b028  _curLimit                             
1     0000b02a  _offset_SDFM1                         
1     0000b02c  _B_Task_Ptr                           
1     0000b02e  _C_Task_Ptr                           
1     0000b030  _Alpha_State_Ptr                      
1     0000b032  _K2                                   
1     0000b034  _DlogCh4                              
1     0000b036  _DlogCh2                              
1     0000b038  _DlogCh1                              
1     0000b03a  _DlogCh3                              
1     0000b03c  _IdRef                                
1     0000b03e  _VqTesting                            
1     0000b040  _SpeedRef                             
1     0000b042  _T                                    
1     0000b044  _IsrTicker                            
1     0000b046  _IqRef                                
1     0000b048  _posSlewRate                          
1     0000b04a  _IdRef_start                          
1     0000b04c  _IdRef_run                            
1     0000b04e  _cntr                                 
1     0000b050  _VdTesting                            
1     0000b052  _cntr1                                
1     0000b054  _alignCnt                             
1     0000b056  _VTimer1                              
1     0000b05a  _VTimer2                              
1     0000b05e  _VTimer0                              
1     0000b062  _SDFM                                 
1     0000b068  _eQEP                                 
1     0000b06e  _clarke1                              
1     0000b080  _posEncElecTheta                      
1     0000b08c  _rg1                                  
1     0000b098  _posEncMechTheta                      
1     0000b0a4  _park1                                
1     0000b0b2  _ipark1                               
1     0000b0c0  _rc1                                  
1     0000b0d0  _rc2                                  
1     0000b0e0  _TrigSel                              
1     0000b0f0  _ChSel                                
1     0000b100  _ACQPS                                
1     0000b110  _posArray                             
1     0000b120  _resolver1                            
1     0000b130  _biss1                                
1     0000b140  _endat1                               
1     0000b150  _current_sensor                       
1     0000b162  _svgen1                               
1     0000b180  _qep1                                 
1     0000b192  _speed1                               
1     0000b1a6  _volt1                                
1     0000b1c0  _pi_iq                                
1     0000b1d8  _pi_pos                               
1     0000b200  _pi_id                                
1     0000b218  _dlog_4ch1                            
1     0000b240  _ePWM                                 
1     0000b25a  _pid_pos                              
1     0000b280  _pid_spd                              
1     0000b2c0  _DBUFF_4CH2                           
1     0000b480  _DBUFF_4CH1                           
1     0000b640  _DBUFF_4CH4                           
1     0000b800  _DBUFF_4CH3                           
1     0000b990  _firIndex                             
1     0000b992  _sinFIR                               
1     0000b994  _cosFIR                               
1     0000b996  _tmp                                  
1     0000b998  _nextSin16                            
1     0000b99a  _nextCos16                            
1     0000b99c  _coeff                                
1     0000b99e  _errorOld                             
1     0000b9a0  _coeff16                              
1     0000b9a2  ___TI_enable_exit_profile_output      
1     0000b9a4  ___TI_cleanup_ptr                     
1     0000b9a6  ___TI_dtors_ptr                       
1     0000b9a8  __lock                                
1     0000b9aa  __unlock                              
1     0000b9c0  _retval1                              
1     0000b9c1  _crc5_result                          
1     0000ba00  _endat22Data                          
1     0000ba80  _endat22CRCtable                      
1     0000bb80  _bissc_data_struct                    
1     0000bc00  _bissCRCtableSCD                      
1     0000bd00  _resMagMax                            
1     0000bd02  _resetAll                             
1     0000bd04  _DOS_ERROR                            
1     0000bd06  _resMagMin                            
1     0000bd08  _testCntr                             
1     0000bd0a  _piconFz                              
1     0000bd0c  _testAngleMax                         
1     0000bd0e  _testCntMax                           
1     0000bd10  _skipLosCnt                           
1     0000bd12  _losLimit                             
1     0000bd14  _angleErrMax                          
1     0000bd16  _skipLosPrd                           
1     0000bd18  _PLL_ERROR                            
1     0000bd1a  _LOS_ERROR                            
1     0000bd1c  _dosLimit                             
1     0000bd1e  _offsetFc                             
1     0000bd20  _offsetWfT                            
1     0000bd22  _sineTable                            
1     0000bd24  _rslvrKp                              
1     0000bd26  _dos                                  
1     0000bd28  _firCoeff                             
1     0000bd2a  _errorFc                              
1     0000bd2c  _rslvrIn                              
1     0000bd40  _SINE_TABLE                           
1     0000bd80  _rslvrOut                             
1     0000bdc0  _FIR_COEFF                            
1     0000bde2  _PieVectTableInit                     
1     00047000  _Emif1Regs                            
1     00047800  _Emif2Regs                            
1     00050000  _IpcRegs                              
1     00050024  _FlashPumpSemaphoreRegs               
1     0005d000  _DevCfgRegs                           
1     0005d180  _AnalogSubsysRegs                     
1     0005d200  _ClkCfgRegs                           
1     0005d300  _CpuSysRegs                           
1     0005e608  _RomPrefetchRegs                      
1     0005f000  _DcsmZ1Regs                           
1     0005f040  _DcsmZ2Regs                           
1     0005f070  _DcsmCommonRegs                       
1     0005f400  _MemCfgRegs                           
1     0005f480  _Emif1ConfigRegs                      
1     0005f4a0  _Emif2ConfigRegs                      
1     0005f4c0  _AccessProtectionRegs                 
1     0005f500  _MemoryErrorRegs                      
1     0005f540  _RomWaitStateRegs                     
1     0005f800  _Flash0CtrlRegs                       
1     0005fb00  _Flash0EccRegs                        
1     00078000  _DcsmZ1Otp                            
1     00078200  _DcsmZ2Otp                            
abs   00000380  __STACK_SIZE                          
abs   ffffffff  .text                                 
abs   ffffffff  ___TI_pprof_out_hndl                  
abs   ffffffff  ___TI_prof_data_size                  
abs   ffffffff  ___TI_prof_data_start                 
abs   ffffffff  ___binit__                            
abs   ffffffff  ___c_args__                           
abs   ffffffff  ___etext__                            
abs   ffffffff  ___pinit__                            
abs   ffffffff  ___text__                             
abs   ffffffff  binit                                 
abs   ffffffff  etext                                 
abs   ffffffff  pinit                                 

[522 symbols]
